Archive member included to satisfy reference by file (symbol)

/home/fdsoftware/repos/libopencm3//lib/libopencm3_stm32f1.a(gpio.o)
                              openefi.o (gpio_set_mode)
/home/fdsoftware/repos/libopencm3//lib/libopencm3_stm32f1.a(gpio_common_all.o)
                              openefi.o (gpio_set)
/home/fdsoftware/repos/libopencm3//lib/libopencm3_stm32f1.a(rcc.o)
                              openefi.o (rcc_clock_setup_in_hse_8mhz_out_72mhz)
/home/fdsoftware/repos/libopencm3//lib/libopencm3_stm32f1.a(rcc_common_all.o)
                              openefi.o (rcc_periph_clock_enable)
/home/fdsoftware/repos/libopencm3//lib/libopencm3_stm32f1.a(usart_common_all.o)
                              openefi.o (usart_set_baudrate)
/home/fdsoftware/repos/libopencm3//lib/libopencm3_stm32f1.a(usart_common_f124.o)
                              /home/fdsoftware/repos/libopencm3//lib/libopencm3_stm32f1.a(usart_common_all.o) (usart_send)
/home/fdsoftware/repos/libopencm3//lib/libopencm3_stm32f1.a(vector.o)
                              (reset_handler)
/home/fdsoftware/repos/libopencm3//lib/libopencm3_stm32f1.a(assert.o)
                              /home/fdsoftware/repos/libopencm3//lib/libopencm3_stm32f1.a(rcc.o) (cm3_assert_failed)
/home/fdsoftware/repos/libopencm3//lib/libopencm3_stm32f1.a(flash_common_all.o)
                              /home/fdsoftware/repos/libopencm3//lib/libopencm3_stm32f1.a(rcc.o) (flash_set_ws)
/usr/lib/gcc/arm-none-eabi/9.1.0/../../../../arm-none-eabi/lib/thumb/v7-m/nofp/libc.a(lib_a-errno.o)
                              openefi.o (__errno)
/usr/lib/gcc/arm-none-eabi/9.1.0/../../../../arm-none-eabi/lib/thumb/v7-m/nofp/libc.a(lib_a-impure.o)
                              /usr/lib/gcc/arm-none-eabi/9.1.0/../../../../arm-none-eabi/lib/thumb/v7-m/nofp/libc.a(lib_a-errno.o) (_impure_ptr)
/usr/lib/gcc/arm-none-eabi/9.1.0/../../../../arm-none-eabi/lib/thumb/v7-m/nofp/libc.a(lib_a-printf.o)
                              openefi.o (printf)
/usr/lib/gcc/arm-none-eabi/9.1.0/../../../../arm-none-eabi/lib/thumb/v7-m/nofp/libc.a(lib_a-vfprintf.o)
                              /usr/lib/gcc/arm-none-eabi/9.1.0/../../../../arm-none-eabi/lib/thumb/v7-m/nofp/libc.a(lib_a-printf.o) (_vfprintf_r)
/usr/lib/gcc/arm-none-eabi/9.1.0/../../../../arm-none-eabi/lib/thumb/v7-m/nofp/libc.a(lib_a-wsetup.o)
                              /usr/lib/gcc/arm-none-eabi/9.1.0/../../../../arm-none-eabi/lib/thumb/v7-m/nofp/libc.a(lib_a-vfprintf.o) (__swsetup_r)
/usr/lib/gcc/arm-none-eabi/9.1.0/../../../../arm-none-eabi/lib/thumb/v7-m/nofp/libc.a(lib_a-dtoa.o)
                              /usr/lib/gcc/arm-none-eabi/9.1.0/../../../../arm-none-eabi/lib/thumb/v7-m/nofp/libc.a(lib_a-vfprintf.o) (_dtoa_r)
/usr/lib/gcc/arm-none-eabi/9.1.0/../../../../arm-none-eabi/lib/thumb/v7-m/nofp/libc.a(lib_a-fflush.o)
                              /usr/lib/gcc/arm-none-eabi/9.1.0/../../../../arm-none-eabi/lib/thumb/v7-m/nofp/libc.a(lib_a-vfprintf.o) (_fflush_r)
/usr/lib/gcc/arm-none-eabi/9.1.0/../../../../arm-none-eabi/lib/thumb/v7-m/nofp/libc.a(lib_a-findfp.o)
                              /usr/lib/gcc/arm-none-eabi/9.1.0/../../../../arm-none-eabi/lib/thumb/v7-m/nofp/libc.a(lib_a-vfprintf.o) (__sinit)
/usr/lib/gcc/arm-none-eabi/9.1.0/../../../../arm-none-eabi/lib/thumb/v7-m/nofp/libc.a(lib_a-freer.o)
                              /usr/lib/gcc/arm-none-eabi/9.1.0/../../../../arm-none-eabi/lib/thumb/v7-m/nofp/libc.a(lib_a-wsetup.o) (_free_r)
/usr/lib/gcc/arm-none-eabi/9.1.0/../../../../arm-none-eabi/lib/thumb/v7-m/nofp/libc.a(lib_a-fwalk.o)
                              /usr/lib/gcc/arm-none-eabi/9.1.0/../../../../arm-none-eabi/lib/thumb/v7-m/nofp/libc.a(lib_a-findfp.o) (_fwalk)
/usr/lib/gcc/arm-none-eabi/9.1.0/../../../../arm-none-eabi/lib/thumb/v7-m/nofp/libc.a(lib_a-localeconv.o)
                              /usr/lib/gcc/arm-none-eabi/9.1.0/../../../../arm-none-eabi/lib/thumb/v7-m/nofp/libc.a(lib_a-vfprintf.o) (_localeconv_r)
/usr/lib/gcc/arm-none-eabi/9.1.0/../../../../arm-none-eabi/lib/thumb/v7-m/nofp/libc.a(lib_a-locale.o)
                              /usr/lib/gcc/arm-none-eabi/9.1.0/../../../../arm-none-eabi/lib/thumb/v7-m/nofp/libc.a(lib_a-localeconv.o) (__global_locale)
/usr/lib/gcc/arm-none-eabi/9.1.0/../../../../arm-none-eabi/lib/thumb/v7-m/nofp/libc.a(lib_a-makebuf.o)
                              /usr/lib/gcc/arm-none-eabi/9.1.0/../../../../arm-none-eabi/lib/thumb/v7-m/nofp/libc.a(lib_a-wsetup.o) (__smakebuf_r)
/usr/lib/gcc/arm-none-eabi/9.1.0/../../../../arm-none-eabi/lib/thumb/v7-m/nofp/libc.a(lib_a-mallocr.o)
                              /usr/lib/gcc/arm-none-eabi/9.1.0/../../../../arm-none-eabi/lib/thumb/v7-m/nofp/libc.a(lib_a-findfp.o) (_malloc_r)
/usr/lib/gcc/arm-none-eabi/9.1.0/../../../../arm-none-eabi/lib/thumb/v7-m/nofp/libc.a(lib_a-mbtowc_r.o)
                              /usr/lib/gcc/arm-none-eabi/9.1.0/../../../../arm-none-eabi/lib/thumb/v7-m/nofp/libc.a(lib_a-locale.o) (__ascii_mbtowc)
[...]
Memory Configuration

Name             Origin             Length             Attributes
rom              0x0000000008004000 0x0000000000020000 xr
ram              0x0000000020000000 0x0000000000005000 xrw
*default*        0x0000000000000000 0xffffffffffffffff

Linker script and memory map

LOAD openefi.o
LOAD /home/fdsoftware/repos/libopencm3//lib/libopencm3_stm32f1.a
START GROUP
LOAD /usr/lib/gcc/arm-none-eabi/9.1.0/../../../../arm-none-eabi/lib/thumb/v7-m/nofp/libc.a
LOAD /usr/lib/gcc/arm-none-eabi/9.1.0/thumb/v7-m/nofp/libgcc.a
LOAD /usr/lib/gcc/arm-none-eabi/9.1.0/../../../../arm-none-eabi/lib/thumb/v7-m/nofp/libnosys.a
END GROUP
START GROUP
LOAD /usr/lib/gcc/arm-none-eabi/9.1.0/thumb/v7-m/nofp/libgcc.a
LOAD /usr/lib/gcc/arm-none-eabi/9.1.0/../../../../arm-none-eabi/lib/thumb/v7-m/nofp/libc.a
END GROUP

.text           0x0000000008004000     0x6aa0
 *(.vectors)
 .vectors       0x0000000008004000      0x150 /home/fdsoftware/repos/libopencm3//lib/libopencm3_stm32f1.a(vector.o)
                0x0000000008004000                vector_table
 *(.text*)
 .text.startup.main
                0x0000000008004150      0x10c openefi.o
                0x0000000008004150                main
 .text.gpio_set_mode
                0x000000000800425c       0x5e /home/fdsoftware/repos/libopencm3//lib/libopencm3_stm32f1.a(gpio.o)
                0x000000000800425c                gpio_set_mode
 .text.gpio_set
                0x00000000080042ba        0x4 /home/fdsoftware/repos/libopencm3//lib/libopencm3_stm32f1.a(gpio_common_all.o)
                0x00000000080042ba                gpio_set
 .text.gpio_toggle
                0x00000000080042be       0x12 /home/fdsoftware/repos/libopencm3//lib/libopencm3_stm32f1.a(gpio_common_all.o)
                0x00000000080042be                gpio_toggle
 .text.rcc_osc_on.part.0
                0x00000000080042d0       0x10 /home/fdsoftware/repos/libopencm3//lib/libopencm3_stm32f1.a(rcc.o)
 .text.rcc_is_osc_ready
                0x00000000080042e0       0x5c /home/fdsoftware/repos/libopencm3//lib/libopencm3_stm32f1.a(rcc.o)
                0x00000000080042e0                rcc_is_osc_ready
 .text.rcc_wait_for_osc_ready
                0x000000000800433c       0x10 /home/fdsoftware/repos/libopencm3//lib/libopencm3_stm32f1.a(rcc.o)
                0x000000000800433c                rcc_wait_for_osc_ready
 .text.rcc_osc_on
                0x000000000800434c       0x54 /home/fdsoftware/repos/libopencm3//lib/libopencm3_stm32f1.a(rcc.o)
                0x000000000800434c                rcc_osc_on
 .text.rcc_set_sysclk_source
                0x00000000080043a0       0x14 /home/fdsoftware/repos/libopencm3//lib/libopencm3_stm32f1.a(rcc.o)
                0x00000000080043a0                rcc_set_sysclk_source
 .text.rcc_set_pll_multiplication_factor
                0x00000000080043b4       0x14 /home/fdsoftware/repos/libopencm3//lib/libopencm3_stm32f1.a(rcc.o)
                0x00000000080043b4                rcc_set_pll_multiplication_factor
 .text.rcc_set_pll_source
                0x00000000080043c8       0x14 /home/fdsoftware/repos/libopencm3//lib/libopencm3_stm32f1.a(rcc.o)
                0x00000000080043c8                rcc_set_pll_source
 .text.rcc_set_pllxtpre
                0x00000000080043dc       0x14 /home/fdsoftware/repos/libopencm3//lib/libopencm3_stm32f1.a(rcc.o)
                0x00000000080043dc                rcc_set_pllxtpre
 .text.rcc_set_adcpre
                0x00000000080043f0       0x14 /home/fdsoftware/repos/libopencm3//lib/libopencm3_stm32f1.a(rcc.o)
                0x00000000080043f0                rcc_set_adcpre
 .text.rcc_set_ppre2
                0x0000000008004404       0x14 /home/fdsoftware/repos/libopencm3//lib/libopencm3_stm32f1.a(rcc.o)
                0x0000000008004404                rcc_set_ppre2
 .text.rcc_set_ppre1
                0x0000000008004418       0x14 /home/fdsoftware/repos/libopencm3//lib/libopencm3_stm32f1.a(rcc.o)
                0x0000000008004418                rcc_set_ppre1
 .text.rcc_set_hpre
                0x000000000800442c       0x14 /home/fdsoftware/repos/libopencm3//lib/libopencm3_stm32f1.a(rcc.o)
                0x000000000800442c                rcc_set_hpre
 .text.rcc_clock_setup_in_hse_8mhz_out_72mhz
                0x0000000008004440       0x8c /home/fdsoftware/repos/libopencm3//lib/libopencm3_stm32f1.a(rcc.o)
                0x0000000008004440                rcc_clock_setup_in_hse_8mhz_out_72mhz
 .text.rcc_periph_clock_enable
                0x00000000080044cc       0x1c /home/fdsoftware/repos/libopencm3//lib/libopencm3_stm32f1.a(rcc_common_all.o)
                0x00000000080044cc                rcc_periph_clock_enable
 .text.usart_set_baudrate
                0x00000000080044e8       0x28 /home/fdsoftware/repos/libopencm3//lib/libopencm3_stm32f1.a(usart_common_all.o)
                0x00000000080044e8                usart_set_baudrate
 .text.usart_set_databits
                0x0000000008004510       0x12 /home/fdsoftware/repos/libopencm3//lib/libopencm3_stm32f1.a(usart_common_all.o)
                0x0000000008004510                usart_set_databits
 .text.usart_set_stopbits
                0x0000000008004522        0xc /home/fdsoftware/repos/libopencm3//lib/libopencm3_stm32f1.a(usart_common_all.o)
                0x0000000008004522                usart_set_stopbits
 .text.usart_set_parity
                0x000000000800452e        0xc /home/fdsoftware/repos/libopencm3//lib/libopencm3_stm32f1.a(usart_common_all.o)
                0x000000000800452e                usart_set_parity
 .text.usart_set_mode
                0x000000000800453a        0xc /home/fdsoftware/repos/libopencm3//lib/libopencm3_stm32f1.a(usart_common_all.o)
                0x000000000800453a                usart_set_mode
 .text.usart_set_flow_control
                0x0000000008004546        0xc /home/fdsoftware/repos/libopencm3//lib/libopencm3_stm32f1.a(usart_common_all.o)
                0x0000000008004546                usart_set_flow_control
 .text.usart_enable
                0x0000000008004552        0xa /home/fdsoftware/repos/libopencm3//lib/libopencm3_stm32f1.a(usart_common_all.o)
                0x0000000008004552                usart_enable
 .text.blocking_handler
                0x000000000800455c        0x2 /home/fdsoftware/repos/libopencm3//lib/libopencm3_stm32f1.a(vector.o)
                0x000000000800455c                usart3_isr
                0x000000000800455c                rtc_isr
                0x000000000800455c                tim7_isr
                0x000000000800455c                adc1_2_isr
                0x000000000800455c                tim1_trg_com_isr
                0x000000000800455c                usb_hp_can_tx_isr
                0x000000000800455c                tim6_isr
                0x000000000800455c                usb_wakeup_isr
                0x000000000800455c                blocking_handler
                0x000000000800455c                tim5_isr
                0x000000000800455c                otg_fs_isr
                0x000000000800455c                spi1_isr
                0x000000000800455c                exti2_isr
                0x000000000800455c                dma1_channel6_isr
                0x000000000800455c                can_rx1_isr
                0x000000000800455c                dma1_channel5_isr
                0x000000000800455c                dma2_channel5_isr
                0x000000000800455c                usart1_isr
                0x000000000800455c                usage_fault_handler
                0x000000000800455c                tim8_trg_com_isr
                0x000000000800455c                can2_rx0_isr
                0x000000000800455c                tim1_brk_isr
                0x000000000800455c                can2_rx1_isr
                0x000000000800455c                tim1_cc_isr
                0x000000000800455c                sdio_isr
                0x000000000800455c                eth_isr
                0x000000000800455c                dma1_channel4_isr
                0x000000000800455c                tim8_brk_isr
                0x000000000800455c                dma2_channel4_5_isr
                0x000000000800455c                pvd_isr
                0x000000000800455c                rcc_isr
                0x000000000800455c                flash_isr
                0x000000000800455c                uart4_isr
                0x000000000800455c                rtc_alarm_isr
                0x000000000800455c                exti15_10_isr
                0x000000000800455c                hard_fault_handler
                0x000000000800455c                exti1_isr
                0x000000000800455c                i2c1_ev_isr
                0x000000000800455c                dma2_channel1_isr
                0x000000000800455c                spi2_isr
                0x000000000800455c                tim8_up_isr
                0x000000000800455c                dma2_channel2_isr
                0x000000000800455c                exti3_isr
                0x000000000800455c                adc3_isr
                0x000000000800455c                tim3_isr
                0x000000000800455c                usart2_isr
                0x000000000800455c                usb_lp_can_rx0_isr
                0x000000000800455c                i2c2_er_isr
                0x000000000800455c                i2c2_ev_isr
                0x000000000800455c                uart5_isr
                0x000000000800455c                fsmc_isr
                0x000000000800455c                dma1_channel1_isr
                0x000000000800455c                exti4_isr
                0x000000000800455c                mem_manage_handler
                0x000000000800455c                can2_tx_isr
                0x000000000800455c                exti9_5_isr
                0x000000000800455c                dma2_channel3_isr
                0x000000000800455c                dma1_channel7_isr
                0x000000000800455c                tim1_up_isr
                0x000000000800455c                can2_sce_isr
                0x000000000800455c                tim4_isr
                0x000000000800455c                dma1_channel2_isr
                0x000000000800455c                i2c1_er_isr
                0x000000000800455c                can_sce_isr
                0x000000000800455c                tim8_cc_isr
                0x000000000800455c                tamper_isr
                0x000000000800455c                eth_wkup_isr
                0x000000000800455c                bus_fault_handler
                0x000000000800455c                wwdg_isr
                0x000000000800455c                dma1_channel3_isr
                0x000000000800455c                spi3_isr
                0x000000000800455c                tim2_isr
                0x000000000800455c                exti0_isr
 .text.null_handler
                0x000000000800455e        0x2 /home/fdsoftware/repos/libopencm3//lib/libopencm3_stm32f1.a(vector.o)
                0x000000000800455e                null_handler
                0x000000000800455e                sv_call_handler
                0x000000000800455e                pend_sv_handler
                0x000000000800455e                debug_monitor_handler
                0x000000000800455e                sys_tick_handler
                0x000000000800455e                nmi_handler
 .text.reset_handler
                0x0000000008004560       0x90 /home/fdsoftware/repos/libopencm3//lib/libopencm3_stm32f1.a(vector.o)
                0x0000000008004560                reset_handler
 .text.flash_set_ws
                0x00000000080045f0       0x14 /home/fdsoftware/repos/libopencm3//lib/libopencm3_stm32f1.a(flash_common_all.o)
                0x00000000080045f0                flash_set_ws
 .text.printf   0x0000000008004604       0x28 /usr/lib/gcc/arm-none-eabi/9.1.0/../../../../arm-none-eabi/lib/thumb/v7-m/nofp/libc.a(lib_a-printf.o)
                0x0000000008004604                printf
 .text._vfprintf_r
                0x000000000800462c     0x15d4 /usr/lib/gcc/arm-none-eabi/9.1.0/../../../../arm-none-eabi/lib/thumb/v7-m/nofp/libc.a(lib_a-vfprintf.o)
                0x000000000800462c                _vfprintf_r
 .text.__sbprintf
                0x0000000008005c00       0x6c /usr/lib/gcc/arm-none-eabi/9.1.0/../../../../arm-none-eabi/lib/thumb/v7-m/nofp/libc.a(lib_a-vfprintf.o)
 .text.__swsetup_r
                0x0000000008005c6c       0xcc /usr/lib/gcc/arm-none-eabi/9.1.0/../../../../arm-none-eabi/lib/thumb/v7-m/nofp/libc.a(lib_a-wsetup.o)
                0x0000000008005c6c                __swsetup_r
 .text.quorem   0x0000000008005d38      0x12c /usr/lib/gcc/arm-none-eabi/9.1.0/../../../../arm-none-eabi/lib/thumb/v7-m/nofp/libc.a(lib_a-dtoa.o)
 *fill*         0x0000000008005e64        0x4 
 .text._dtoa_r  0x0000000008005e68      0xe6c /usr/lib/gcc/arm-none-eabi/9.1.0/../../../../arm-none-eabi/lib/thumb/v7-m/nofp/libc.a(lib_a-dtoa.o)
                0x0000000008005e68                _dtoa_r
 .text.__sflush_r
                0x0000000008006cd4      0x144 /usr/lib/gcc/arm-none-eabi/9.1.0/../../../../arm-none-eabi/lib/thumb/v7-m/nofp/libc.a(lib_a-fflush.o)
                0x0000000008006cd4                __sflush_r
 .text._fflush_r
                0x0000000008006e18       0x34 /usr/lib/gcc/arm-none-eabi/9.1.0/../../../../arm-none-eabi/lib/thumb/v7-m/nofp/libc.a(lib_a-fflush.o)
                0x0000000008006e18                _fflush_r
 .text._cleanup_r
                0x0000000008006e4c        0xc /usr/lib/gcc/arm-none-eabi/9.1.0/../../../../arm-none-eabi/lib/thumb/v7-m/nofp/libc.a(lib_a-findfp.o)
                0x0000000008006e4c                _cleanup_r
 .text.__sinit.part.0
                0x0000000008006e58       0xd4 /usr/lib/gcc/arm-none-eabi/9.1.0/../../../../arm-none-eabi/lib/thumb/v7-m/nofp/libc.a(lib_a-findfp.o)
 .text.__sinit  0x0000000008006f2c        0xc /usr/lib/gcc/arm-none-eabi/9.1.0/../../../../arm-none-eabi/lib/thumb/v7-m/nofp/libc.a(lib_a-findfp.o)
                0x0000000008006f2c                __sinit
 .text.__sfp_lock_acquire
                0x0000000008006f38        0x4 /usr/lib/gcc/arm-none-eabi/9.1.0/../../../../arm-none-eabi/lib/thumb/v7-m/nofp/libc.a(lib_a-findfp.o)
                0x0000000008006f38                __sfp_lock_acquire
 .text.__sfp_lock_release
                0x0000000008006f3c        0x4 /usr/lib/gcc/arm-none-eabi/9.1.0/../../../../arm-none-eabi/lib/thumb/v7-m/nofp/libc.a(lib_a-findfp.o)
                0x0000000008006f3c                __sfp_lock_release
 .text._malloc_trim_r
                0x0000000008006f40       0xa0 /usr/lib/gcc/arm-none-eabi/9.1.0/../../../../arm-none-eabi/lib/thumb/v7-m/nofp/libc.a(lib_a-freer.o)
                0x0000000008006f40                _malloc_trim_r
 .text._free_r  0x0000000008006fe0      0x1ec /usr/lib/gcc/arm-none-eabi/9.1.0/../../../../arm-none-eabi/lib/thumb/v7-m/nofp/libc.a(lib_a-freer.o)
                0x0000000008006fe0                _free_r
 .text._fwalk_reent
                0x00000000080071cc       0x50 /usr/lib/gcc/arm-none-eabi/9.1.0/../../../../arm-none-eabi/lib/thumb/v7-m/nofp/libc.a(lib_a-fwalk.o)
                0x00000000080071cc                _fwalk_reent
 .text._localeconv_r
                0x000000000800721c        0x8 /usr/lib/gcc/arm-none-eabi/9.1.0/../../../../arm-none-eabi/lib/thumb/v7-m/nofp/libc.a(lib_a-localeconv.o)
                0x000000000800721c                _localeconv_r
 .text.__locale_mb_cur_max
                0x0000000008007224        0xc /usr/lib/gcc/arm-none-eabi/9.1.0/../../../../arm-none-eabi/lib/thumb/v7-m/nofp/libc.a(lib_a-locale.o)
                0x0000000008007224                __locale_mb_cur_max
 .text.__swhatbuf_r
                0x0000000008007230       0x5c /usr/lib/gcc/arm-none-eabi/9.1.0/../../../../arm-none-eabi/lib/thumb/v7-m/nofp/libc.a(lib_a-makebuf.o)
                0x0000000008007230                __swhatbuf_r
 .text.__smakebuf_r
                0x000000000800728c       0x94 /usr/lib/gcc/arm-none-eabi/9.1.0/../../../../arm-none-eabi/lib/thumb/v7-m/nofp/libc.a(lib_a-makebuf.o)
                0x000000000800728c                __smakebuf_r
 .text._malloc_r
                0x0000000008007320      0x558 /usr/lib/gcc/arm-none-eabi/9.1.0/../../../../arm-none-eabi/lib/thumb/v7-m/nofp/libc.a(lib_a-mallocr.o)
                0x0000000008007320                _malloc_r
 .text.__ascii_mbtowc
                0x0000000008007878       0x2c /usr/lib/gcc/arm-none-eabi/9.1.0/../../../../arm-none-eabi/lib/thumb/v7-m/nofp/libc.a(lib_a-mbtowc_r.o)
                0x0000000008007878                __ascii_mbtowc
 .text.memchr   0x00000000080078a4       0x8c /usr/lib/gcc/arm-none-eabi/9.1.0/../../../../arm-none-eabi/lib/thumb/v7-m/nofp/libc.a(lib_a-memchr-stub.o)
                0x00000000080078a4                memchr
 .text          0x0000000008007930       0xec /usr/lib/gcc/arm-none-eabi/9.1.0/../../../../arm-none-eabi/lib/thumb/v7-m/nofp/libc.a(lib_a-memcpy.o)
                0x0000000008007930                memcpy
 .text.memset   0x0000000008007a1c       0xa0 /usr/lib/gcc/arm-none-eabi/9.1.0/../../../../arm-none-eabi/lib/thumb/v7-m/nofp/libc.a(lib_a-memset.o)
                0x0000000008007a1c                memset
 .text.__malloc_lock
                0x0000000008007abc        0x4 /usr/lib/gcc/arm-none-eabi/9.1.0/../../../../arm-none-eabi/lib/thumb/v7-m/nofp/libc.a(lib_a-mlock.o)
                0x0000000008007abc                __malloc_lock
 .text.__malloc_unlock
                0x0000000008007ac0        0x4 /usr/lib/gcc/arm-none-eabi/9.1.0/../../../../arm-none-eabi/lib/thumb/v7-m/nofp/libc.a(lib_a-mlock.o)
                0x0000000008007ac0                __malloc_unlock
 .text._Balloc  0x0000000008007ac4       0x4c /usr/lib/gcc/arm-none-eabi/9.1.0/../../../../arm-none-eabi/lib/thumb/v7-m/nofp/libc.a(lib_a-mprec.o)
                0x0000000008007ac4                _Balloc
 .text._Bfree   0x0000000008007b10       0x14 /usr/lib/gcc/arm-none-eabi/9.1.0/../../../../arm-none-eabi/lib/thumb/v7-m/nofp/libc.a(lib_a-mprec.o)
                0x0000000008007b10                _Bfree
 .text.__multadd
                0x0000000008007b24       0x8c /usr/lib/gcc/arm-none-eabi/9.1.0/../../../../arm-none-eabi/lib/thumb/v7-m/nofp/libc.a(lib_a-mprec.o)
                0x0000000008007b24                __multadd
 .text.__hi0bits
                0x0000000008007bb0       0x40 /usr/lib/gcc/arm-none-eabi/9.1.0/../../../../arm-none-eabi/lib/thumb/v7-m/nofp/libc.a(lib_a-mprec.o)
                0x0000000008007bb0                __hi0bits
 .text.__lo0bits
                0x0000000008007bf0       0x60 /usr/lib/gcc/arm-none-eabi/9.1.0/../../../../arm-none-eabi/lib/thumb/v7-m/nofp/libc.a(lib_a-mprec.o)
                0x0000000008007bf0                __lo0bits
 .text.__i2b    0x0000000008007c50       0x14 /usr/lib/gcc/arm-none-eabi/9.1.0/../../../../arm-none-eabi/lib/thumb/v7-m/nofp/libc.a(lib_a-mprec.o)
                0x0000000008007c50                __i2b
 .text.__multiply
                0x0000000008007c64      0x130 /usr/lib/gcc/arm-none-eabi/9.1.0/../../../../arm-none-eabi/lib/thumb/v7-m/nofp/libc.a(lib_a-mprec.o)
                0x0000000008007c64                __multiply
 .text.__pow5mult
                0x0000000008007d94       0xa0 /usr/lib/gcc/arm-none-eabi/9.1.0/../../../../arm-none-eabi/lib/thumb/v7-m/nofp/libc.a(lib_a-mprec.o)
                0x0000000008007d94                __pow5mult
 .text.__lshift
                0x0000000008007e34       0xb4 /usr/lib/gcc/arm-none-eabi/9.1.0/../../../../arm-none-eabi/lib/thumb/v7-m/nofp/libc.a(lib_a-mprec.o)
                0x0000000008007e34                __lshift
 .text.__mcmp   0x0000000008007ee8       0x38 /usr/lib/gcc/arm-none-eabi/9.1.0/../../../../arm-none-eabi/lib/thumb/v7-m/nofp/libc.a(lib_a-mprec.o)
                0x0000000008007ee8                __mcmp
 .text.__mdiff  0x0000000008007f20      0x100 /usr/lib/gcc/arm-none-eabi/9.1.0/../../../../arm-none-eabi/lib/thumb/v7-m/nofp/libc.a(lib_a-mprec.o)
                0x0000000008007f20                __mdiff
 .text.__d2b    0x0000000008008020       0xac /usr/lib/gcc/arm-none-eabi/9.1.0/../../../../arm-none-eabi/lib/thumb/v7-m/nofp/libc.a(lib_a-mprec.o)
                0x0000000008008020                __d2b
 .text._sbrk_r  0x00000000080080cc       0x24 /usr/lib/gcc/arm-none-eabi/9.1.0/../../../../arm-none-eabi/lib/thumb/v7-m/nofp/libc.a(lib_a-sbrkr.o)
                0x00000000080080cc                _sbrk_r
 .text.__sread  0x00000000080080f0       0x24 /usr/lib/gcc/arm-none-eabi/9.1.0/../../../../arm-none-eabi/lib/thumb/v7-m/nofp/libc.a(lib_a-stdio.o)
                0x00000000080080f0                __sread
 .text.__swrite
                0x0000000008008114       0x40 /usr/lib/gcc/arm-none-eabi/9.1.0/../../../../arm-none-eabi/lib/thumb/v7-m/nofp/libc.a(lib_a-stdio.o)
                0x0000000008008114                __swrite
 .text.__sseek  0x0000000008008154       0x20 /usr/lib/gcc/arm-none-eabi/9.1.0/../../../../arm-none-eabi/lib/thumb/v7-m/nofp/libc.a(lib_a-stdio.o)
                0x0000000008008154                __sseek
 .text.__sclose
                0x0000000008008174        0x8 /usr/lib/gcc/arm-none-eabi/9.1.0/../../../../arm-none-eabi/lib/thumb/v7-m/nofp/libc.a(lib_a-stdio.o)
                0x0000000008008174                __sclose
 .text.strlen   0x000000000800817c       0x5c /usr/lib/gcc/arm-none-eabi/9.1.0/../../../../arm-none-eabi/lib/thumb/v7-m/nofp/libc.a(lib_a-strlen-stub.o)
                0x000000000800817c                strlen
 .text.__sprint_r.part.0
                0x00000000080081d8       0x78 /usr/lib/gcc/arm-none-eabi/9.1.0/../../../../arm-none-eabi/lib/thumb/v7-m/nofp/libc.a(lib_a-vfiprintf.o)
 .text.__sprint_r
                0x0000000008008250       0x14 /usr/lib/gcc/arm-none-eabi/9.1.0/../../../../arm-none-eabi/lib/thumb/v7-m/nofp/libc.a(lib_a-vfiprintf.o)
                0x0000000008008250                __sprint_r
 .text.__ascii_wctomb
                0x0000000008008264       0x1c /usr/lib/gcc/arm-none-eabi/9.1.0/../../../../arm-none-eabi/lib/thumb/v7-m/nofp/libc.a(lib_a-wctomb_r.o)
                0x0000000008008264                __ascii_wctomb
 .text._write_r
                0x0000000008008280       0x2c /usr/lib/gcc/arm-none-eabi/9.1.0/../../../../arm-none-eabi/lib/thumb/v7-m/nofp/libc.a(lib_a-writer.o)
                0x0000000008008280                _write_r
 .text._calloc_r
                0x00000000080082ac       0x60 /usr/lib/gcc/arm-none-eabi/9.1.0/../../../../arm-none-eabi/lib/thumb/v7-m/nofp/libc.a(lib_a-callocr.o)
                0x00000000080082ac                _calloc_r
 .text._close_r
                0x000000000800830c       0x24 /usr/lib/gcc/arm-none-eabi/9.1.0/../../../../arm-none-eabi/lib/thumb/v7-m/nofp/libc.a(lib_a-closer.o)
                0x000000000800830c                _close_r
 .text._fclose_r
                0x0000000008008330       0x88 /usr/lib/gcc/arm-none-eabi/9.1.0/../../../../arm-none-eabi/lib/thumb/v7-m/nofp/libc.a(lib_a-fclose.o)
                0x0000000008008330                _fclose_r
 .text.__fputwc
                0x00000000080083b8       0xa0 /usr/lib/gcc/arm-none-eabi/9.1.0/../../../../arm-none-eabi/lib/thumb/v7-m/nofp/libc.a(lib_a-fputwc.o)
                0x00000000080083b8                __fputwc
 .text._fputwc_r
                0x0000000008008458       0x24 /usr/lib/gcc/arm-none-eabi/9.1.0/../../../../arm-none-eabi/lib/thumb/v7-m/nofp/libc.a(lib_a-fputwc.o)
                0x0000000008008458                _fputwc_r
 .text._fstat_r
                0x000000000800847c       0x28 /usr/lib/gcc/arm-none-eabi/9.1.0/../../../../arm-none-eabi/lib/thumb/v7-m/nofp/libc.a(lib_a-fstatr.o)
                0x000000000800847c                _fstat_r
 .text.__sfvwrite_r
                0x00000000080084a4      0x300 /usr/lib/gcc/arm-none-eabi/9.1.0/../../../../arm-none-eabi/lib/thumb/v7-m/nofp/libc.a(lib_a-fvwrite.o)
                0x00000000080084a4                __sfvwrite_r
 .text._isatty_r
                0x00000000080087a4       0x24 /usr/lib/gcc/arm-none-eabi/9.1.0/../../../../arm-none-eabi/lib/thumb/v7-m/nofp/libc.a(lib_a-isattyr.o)
                0x00000000080087a4                _isatty_r
 .text._lseek_r
                0x00000000080087c8       0x2c /usr/lib/gcc/arm-none-eabi/9.1.0/../../../../arm-none-eabi/lib/thumb/v7-m/nofp/libc.a(lib_a-lseekr.o)
                0x00000000080087c8                _lseek_r
 .text.memmove  0x00000000080087f4       0xcc /usr/lib/gcc/arm-none-eabi/9.1.0/../../../../arm-none-eabi/lib/thumb/v7-m/nofp/libc.a(lib_a-memmove.o)
                0x00000000080087f4                memmove
 .text._read_r  0x00000000080088c0       0x2c /usr/lib/gcc/arm-none-eabi/9.1.0/../../../../arm-none-eabi/lib/thumb/v7-m/nofp/libc.a(lib_a-readr.o)
                0x00000000080088c0                _read_r
 .text._realloc_r
                0x00000000080088ec      0x37c /usr/lib/gcc/arm-none-eabi/9.1.0/../../../../arm-none-eabi/lib/thumb/v7-m/nofp/libc.a(lib_a-reallocr.o)
                0x00000000080088ec                _realloc_r
 .text.__swbuf_r
                0x0000000008008c68       0xb0 /usr/lib/gcc/arm-none-eabi/9.1.0/../../../../arm-none-eabi/lib/thumb/v7-m/nofp/libc.a(lib_a-wbuf.o)
                0x0000000008008c68                __swbuf_r
 .text._wcrtomb_r
                0x0000000008008d18       0x34 /usr/lib/gcc/arm-none-eabi/9.1.0/../../../../arm-none-eabi/lib/thumb/v7-m/nofp/libc.a(lib_a-wcrtomb.o)
                0x0000000008008d18                _wcrtomb_r
 .text          0x0000000008008d4c      0x378 /usr/lib/gcc/arm-none-eabi/9.1.0/thumb/v7-m/nofp/libgcc.a(_arm_addsubdf3.o)
                0x0000000008008d4c                __aeabi_drsub
                0x0000000008008d54                __aeabi_dsub
                0x0000000008008d54                __subdf3
                0x0000000008008d58                __adddf3
                0x0000000008008d58                __aeabi_dadd
                0x0000000008008fd0                __aeabi_ui2d
                0x0000000008008fd0                __floatunsidf
                0x0000000008008ff0                __floatsidf
                0x0000000008008ff0                __aeabi_i2d
                0x0000000008009014                __extendsfdf2
                0x0000000008009014                __aeabi_f2d
                0x0000000008009058                __aeabi_ul2d
                0x0000000008009058                __floatundidf
                0x0000000008009068                __floatdidf
                0x0000000008009068                __aeabi_l2d
 .text          0x00000000080090c4      0x424 /usr/lib/gcc/arm-none-eabi/9.1.0/thumb/v7-m/nofp/libgcc.a(_arm_muldivdf3.o)
                0x00000000080090c4                __aeabi_dmul
                0x00000000080090c4                __muldf3
                0x0000000008009318                __aeabi_ddiv
                0x0000000008009318                __divdf3
 .text          0x00000000080094e8      0x110 /usr/lib/gcc/arm-none-eabi/9.1.0/thumb/v7-m/nofp/libgcc.a(_arm_cmpdf2.o)
                0x00000000080094e8                __gtdf2
                0x00000000080094e8                __gedf2
                0x00000000080094f0                __ltdf2
                0x00000000080094f0                __ledf2
                0x00000000080094f8                __cmpdf2
                0x00000000080094f8                __eqdf2
                0x00000000080094f8                __nedf2
                0x0000000008009574                __aeabi_cdrcmple
                0x0000000008009584                __aeabi_cdcmple
                0x0000000008009584                __aeabi_cdcmpeq
                0x0000000008009594                __aeabi_dcmpeq
                0x00000000080095a8                __aeabi_dcmplt
                0x00000000080095bc                __aeabi_dcmple
                0x00000000080095d0                __aeabi_dcmpge
                0x00000000080095e4                __aeabi_dcmpgt
 .text          0x00000000080095f8       0x2c /usr/lib/gcc/arm-none-eabi/9.1.0/thumb/v7-m/nofp/libgcc.a(_arm_unorddf2.o)
                0x00000000080095f8                __aeabi_dcmpun
                0x00000000080095f8                __unorddf2
 .text          0x0000000008009624       0x50 /usr/lib/gcc/arm-none-eabi/9.1.0/thumb/v7-m/nofp/libgcc.a(_arm_fixdfsi.o)
                0x0000000008009624                __fixdfsi
                0x0000000008009624                __aeabi_d2iz
 .text          0x0000000008009674       0xa0 /usr/lib/gcc/arm-none-eabi/9.1.0/thumb/v7-m/nofp/libgcc.a(_arm_truncdfsf2.o)
                0x0000000008009674                __aeabi_d2f
                0x0000000008009674                __truncdfsf2
 .text          0x0000000008009714       0x30 /usr/lib/gcc/arm-none-eabi/9.1.0/thumb/v7-m/nofp/libgcc.a(_aeabi_uldivmod.o)
                0x0000000008009714                __aeabi_uldivmod
 .text.__udivmoddi4
                0x0000000008009744      0x2aa /usr/lib/gcc/arm-none-eabi/9.1.0/thumb/v7-m/nofp/libgcc.a(_udivmoddi4.o)
                0x0000000008009744                __udivmoddi4
 .text.selfrel_offset31
                0x00000000080099ee       0x12 /usr/lib/gcc/arm-none-eabi/9.1.0/thumb/v7-m/nofp/libgcc.a(unwind-arm.o)
 .text.search_EIT_table
                0x0000000008009a00       0x60 /usr/lib/gcc/arm-none-eabi/9.1.0/thumb/v7-m/nofp/libgcc.a(unwind-arm.o)
 .text.__gnu_unwind_get_pr_addr
                0x0000000008009a60       0x28 /usr/lib/gcc/arm-none-eabi/9.1.0/thumb/v7-m/nofp/libgcc.a(unwind-arm.o)
 .text.get_eit_entry
                0x0000000008009a88       0x94 /usr/lib/gcc/arm-none-eabi/9.1.0/thumb/v7-m/nofp/libgcc.a(unwind-arm.o)
 .text.restore_non_core_regs
                0x0000000008009b1c       0x4c /usr/lib/gcc/arm-none-eabi/9.1.0/thumb/v7-m/nofp/libgcc.a(unwind-arm.o)
 .text._Unwind_decode_typeinfo_ptr.isra.0
                0x0000000008009b68        0xa /usr/lib/gcc/arm-none-eabi/9.1.0/thumb/v7-m/nofp/libgcc.a(unwind-arm.o)
 .text._Unwind_DebugHook
                0x0000000008009b72        0x2 /usr/lib/gcc/arm-none-eabi/9.1.0/thumb/v7-m/nofp/libgcc.a(unwind-arm.o)
 .text.unwind_phase2
                0x0000000008009b74       0x3a /usr/lib/gcc/arm-none-eabi/9.1.0/thumb/v7-m/nofp/libgcc.a(unwind-arm.o)
 .text.unwind_phase2_forced
                0x0000000008009bae       0xb0 /usr/lib/gcc/arm-none-eabi/9.1.0/thumb/v7-m/nofp/libgcc.a(unwind-arm.o)
 .text.__gnu_Unwind_RaiseException
                0x0000000008009c5e       0x5a /usr/lib/gcc/arm-none-eabi/9.1.0/thumb/v7-m/nofp/libgcc.a(unwind-arm.o)
                0x0000000008009c5e                __gnu_Unwind_RaiseException
 .text.__gnu_Unwind_ForcedUnwind
                0x0000000008009cb8       0x14 /usr/lib/gcc/arm-none-eabi/9.1.0/thumb/v7-m/nofp/libgcc.a(unwind-arm.o)
                0x0000000008009cb8                __gnu_Unwind_ForcedUnwind
 .text.__gnu_Unwind_Resume
                0x0000000008009ccc       0x40 /usr/lib/gcc/arm-none-eabi/9.1.0/thumb/v7-m/nofp/libgcc.a(unwind-arm.o)
                0x0000000008009ccc                __gnu_Unwind_Resume
 .text.__gnu_Unwind_Resume_or_Rethrow
                0x0000000008009d0c       0x12 /usr/lib/gcc/arm-none-eabi/9.1.0/thumb/v7-m/nofp/libgcc.a(unwind-arm.o)
                0x0000000008009d0c                __gnu_Unwind_Resume_or_Rethrow
 .text._Unwind_VRS_Get
                0x0000000008009d1e       0x30 /usr/lib/gcc/arm-none-eabi/9.1.0/thumb/v7-m/nofp/libgcc.a(unwind-arm.o)
                0x0000000008009d1e                _Unwind_VRS_Get
 .text._Unwind_GetGR
                0x0000000008009d4e       0x18 /usr/lib/gcc/arm-none-eabi/9.1.0/thumb/v7-m/nofp/libgcc.a(unwind-arm.o)
 .text._Unwind_VRS_Set
                0x0000000008009d66       0x30 /usr/lib/gcc/arm-none-eabi/9.1.0/thumb/v7-m/nofp/libgcc.a(unwind-arm.o)
                0x0000000008009d66                _Unwind_VRS_Set
 .text._Unwind_SetGR
                0x0000000008009d96       0x18 /usr/lib/gcc/arm-none-eabi/9.1.0/thumb/v7-m/nofp/libgcc.a(unwind-arm.o)
 .text.__gnu_Unwind_Backtrace
                0x0000000008009dae       0x6c /usr/lib/gcc/arm-none-eabi/9.1.0/thumb/v7-m/nofp/libgcc.a(unwind-arm.o)
                0x0000000008009dae                __gnu_Unwind_Backtrace
 *fill*         0x0000000008009e1a        0x2 
 .text.__gnu_unwind_pr_common
                0x0000000008009e1c      0x240 /usr/lib/gcc/arm-none-eabi/9.1.0/thumb/v7-m/nofp/libgcc.a(unwind-arm.o)
 .text.__aeabi_unwind_cpp_pr0
                0x000000000800a05c        0x6 /usr/lib/gcc/arm-none-eabi/9.1.0/thumb/v7-m/nofp/libgcc.a(unwind-arm.o)
                0x000000000800a05c                __aeabi_unwind_cpp_pr0
 .text.__aeabi_unwind_cpp_pr1
                0x000000000800a062        0x6 /usr/lib/gcc/arm-none-eabi/9.1.0/thumb/v7-m/nofp/libgcc.a(unwind-arm.o)
                0x000000000800a062                __aeabi_unwind_cpp_pr1
 .text.__aeabi_unwind_cpp_pr2
                0x000000000800a068        0x6 /usr/lib/gcc/arm-none-eabi/9.1.0/thumb/v7-m/nofp/libgcc.a(unwind-arm.o)
                0x000000000800a068                __aeabi_unwind_cpp_pr2
 .text._Unwind_VRS_Pop
                0x000000000800a06e      0x232 /usr/lib/gcc/arm-none-eabi/9.1.0/thumb/v7-m/nofp/libgcc.a(unwind-arm.o)
                0x000000000800a06e                _Unwind_VRS_Pop
 .text          0x000000000800a2a0      0x1ac /usr/lib/gcc/arm-none-eabi/9.1.0/thumb/v7-m/nofp/libgcc.a(libunwind.o)
                0x000000000800a2a0                __restore_core_regs
                0x000000000800a2a0                restore_core_regs
                0x000000000800a2b8                __gnu_Unwind_Restore_VFP
                0x000000000800a2c0                __gnu_Unwind_Save_VFP
                0x000000000800a2c8                __gnu_Unwind_Restore_VFP_D
                0x000000000800a2d0                __gnu_Unwind_Save_VFP_D
                0x000000000800a2d8                __gnu_Unwind_Restore_VFP_D_16_to_31
                0x000000000800a2e0                __gnu_Unwind_Save_VFP_D_16_to_31
                0x000000000800a2e8                __gnu_Unwind_Restore_WMMXD
                0x000000000800a32c                __gnu_Unwind_Save_WMMXD
                0x000000000800a370                __gnu_Unwind_Restore_WMMXC
                0x000000000800a384                __gnu_Unwind_Save_WMMXC
                0x000000000800a398                ___Unwind_RaiseException
                0x000000000800a398                _Unwind_RaiseException
                0x000000000800a3bc                ___Unwind_Resume
                0x000000000800a3bc                _Unwind_Resume
                0x000000000800a3e0                _Unwind_Resume_or_Rethrow
                0x000000000800a3e0                ___Unwind_Resume_or_Rethrow
                0x000000000800a404                ___Unwind_ForcedUnwind
                0x000000000800a404                _Unwind_ForcedUnwind
                0x000000000800a428                _Unwind_Backtrace
                0x000000000800a428                ___Unwind_Backtrace
 .text.next_unwind_byte
                0x000000000800a44c       0x2e /usr/lib/gcc/arm-none-eabi/9.1.0/thumb/v7-m/nofp/libgcc.a(pr-support.o)
 .text.__gnu_unwind_execute
                0x000000000800a47a      0x240 /usr/lib/gcc/arm-none-eabi/9.1.0/thumb/v7-m/nofp/libgcc.a(pr-support.o)
                0x000000000800a47a                __gnu_unwind_execute
 *fill*         0x000000000800a6ba        0x2 
 .text          0x000000000800a6bc        0x4 /usr/lib/gcc/arm-none-eabi/9.1.0/thumb/v7-m/nofp/libgcc.a(_dvmd_tls.o)
                0x000000000800a6bc                __aeabi_ldiv0
                0x000000000800a6bc                __aeabi_idiv0
 .text._close   0x000000000800a6c0       0x10 /usr/lib/gcc/arm-none-eabi/9.1.0/../../../../arm-none-eabi/lib/thumb/v7-m/nofp/libnosys.a(close.o)
                0x000000000800a6c0                _close
 .text._fstat   0x000000000800a6d0       0x10 /usr/lib/gcc/arm-none-eabi/9.1.0/../../../../arm-none-eabi/lib/thumb/v7-m/nofp/libnosys.a(fstat.o)
                0x000000000800a6d0                _fstat
 .text._isatty  0x000000000800a6e0       0x10 /usr/lib/gcc/arm-none-eabi/9.1.0/../../../../arm-none-eabi/lib/thumb/v7-m/nofp/libnosys.a(isatty.o)
                0x000000000800a6e0                _isatty
 .text._lseek   0x000000000800a6f0       0x10 /usr/lib/gcc/arm-none-eabi/9.1.0/../../../../arm-none-eabi/lib/thumb/v7-m/nofp/libnosys.a(lseek.o)
                0x000000000800a6f0                _lseek
 .text._read    0x000000000800a700       0x10 /usr/lib/gcc/arm-none-eabi/9.1.0/../../../../arm-none-eabi/lib/thumb/v7-m/nofp/libnosys.a(read.o)
                0x000000000800a700                _read
 .text._sbrk    0x000000000800a710       0x1c /usr/lib/gcc/arm-none-eabi/9.1.0/../../../../arm-none-eabi/lib/thumb/v7-m/nofp/libnosys.a(sbrk.o)
                0x000000000800a710                _sbrk
 .text._write   0x000000000800a72c       0x10 /usr/lib/gcc/arm-none-eabi/9.1.0/../../../../arm-none-eabi/lib/thumb/v7-m/nofp/libnosys.a(write.o)
                0x000000000800a72c                _write
 .text.abort    0x000000000800a73c       0x10 /usr/lib/gcc/arm-none-eabi/9.1.0/../../../../arm-none-eabi/lib/thumb/v7-m/nofp/libc.a(lib_a-abort.o)
                0x000000000800a73c                abort
 .text._raise_r
                0x000000000800a74c       0x58 /usr/lib/gcc/arm-none-eabi/9.1.0/../../../../arm-none-eabi/lib/thumb/v7-m/nofp/libc.a(lib_a-signal.o)
                0x000000000800a74c                _raise_r
 .text.raise    0x000000000800a7a4       0x10 /usr/lib/gcc/arm-none-eabi/9.1.0/../../../../arm-none-eabi/lib/thumb/v7-m/nofp/libc.a(lib_a-signal.o)
                0x000000000800a7a4                raise
 .text._kill_r  0x000000000800a7b4       0x28 /usr/lib/gcc/arm-none-eabi/9.1.0/../../../../arm-none-eabi/lib/thumb/v7-m/nofp/libc.a(lib_a-signalr.o)
                0x000000000800a7b4                _kill_r
 .text._getpid_r
                0x000000000800a7dc        0x4 /usr/lib/gcc/arm-none-eabi/9.1.0/../../../../arm-none-eabi/lib/thumb/v7-m/nofp/libc.a(lib_a-signalr.o)
                0x000000000800a7dc                _getpid_r
 .text._getpid  0x000000000800a7e0       0x10 /usr/lib/gcc/arm-none-eabi/9.1.0/../../../../arm-none-eabi/lib/thumb/v7-m/nofp/libnosys.a(getpid.o)
                0x000000000800a7e0                _getpid
 .text._kill    0x000000000800a7f0       0x10 /usr/lib/gcc/arm-none-eabi/9.1.0/../../../../arm-none-eabi/lib/thumb/v7-m/nofp/libnosys.a(kill.o)
                0x000000000800a7f0                _kill
 .text._exit    0x000000000800a800        0x4 /usr/lib/gcc/arm-none-eabi/9.1.0/../../../../arm-none-eabi/lib/thumb/v7-m/nofp/libnosys.a(_exit.o)
                0x000000000800a800                _exit
                0x000000000800a804                . = ALIGN (0x4)
 *(.rodata*)
 .rodata.main.str1.1
                0x000000000800a804       0x18 openefi.o
 .rodata._vfprintf_r.str1.4
                0x000000000800a81c       0x42 /usr/lib/gcc/arm-none-eabi/9.1.0/../../../../arm-none-eabi/lib/thumb/v7-m/nofp/libc.a(lib_a-vfprintf.o)
 *fill*         0x000000000800a85e        0x2 
 .rodata.blanks.7355
                0x000000000800a860       0x10 /usr/lib/gcc/arm-none-eabi/9.1.0/../../../../arm-none-eabi/lib/thumb/v7-m/nofp/libc.a(lib_a-vfprintf.o)
 .rodata.zeroes.7356
                0x000000000800a870       0x10 /usr/lib/gcc/arm-none-eabi/9.1.0/../../../../arm-none-eabi/lib/thumb/v7-m/nofp/libc.a(lib_a-vfprintf.o)
 .rodata._dtoa_r.str1.4
                0x000000000800a880        0xd /usr/lib/gcc/arm-none-eabi/9.1.0/../../../../arm-none-eabi/lib/thumb/v7-m/nofp/libc.a(lib_a-dtoa.o)
                                         0x12 (size before relaxing)
 *fill*         0x000000000800a88d        0x3 
 .rodata._setlocale_r.str1.4
                0x000000000800a890        0xa /usr/lib/gcc/arm-none-eabi/9.1.0/../../../../arm-none-eabi/lib/thumb/v7-m/nofp/libc.a(lib_a-locale.o)
                                          0xd (size before relaxing)
 *fill*         0x000000000800a89a        0x2 
 .rodata.str1.4
                0x000000000800a89c        0x4 /usr/lib/gcc/arm-none-eabi/9.1.0/../../../../arm-none-eabi/lib/thumb/v7-m/nofp/libc.a(lib_a-locale.o)
                                          0x2 (size before relaxing)
 .rodata.__mprec_bigtens
                0x000000000800a8a0       0x28 /usr/lib/gcc/arm-none-eabi/9.1.0/../../../../arm-none-eabi/lib/thumb/v7-m/nofp/libc.a(lib_a-mprec.o)
                0x000000000800a8a0                __mprec_bigtens
 .rodata.__mprec_tens
                0x000000000800a8c8       0xc8 /usr/lib/gcc/arm-none-eabi/9.1.0/../../../../arm-none-eabi/lib/thumb/v7-m/nofp/libc.a(lib_a-mprec.o)
                0x000000000800a8c8                __mprec_tens
 .rodata.p05.6115
                0x000000000800a990        0xc /usr/lib/gcc/arm-none-eabi/9.1.0/../../../../arm-none-eabi/lib/thumb/v7-m/nofp/libc.a(lib_a-mprec.o)
 .rodata._ctype_
                0x000000000800a99c      0x101 /usr/lib/gcc/arm-none-eabi/9.1.0/../../../../arm-none-eabi/lib/thumb/v7-m/nofp/libc.a(lib_a-ctype_.o)
                0x000000000800a99c                _ctype_
                0x000000000800aaa0                . = ALIGN (0x4)
 *fill*         0x000000000800aa9d        0x3 

.glue_7         0x000000000800aaa0        0x0
 .glue_7        0x000000000800aaa0        0x0 linker stubs

.glue_7t        0x000000000800aaa0        0x0
 .glue_7t       0x000000000800aaa0        0x0 linker stubs

.vfp11_veneer   0x000000000800aaa0        0x0
 .vfp11_veneer  0x000000000800aaa0        0x0 linker stubs

.v4_bx          0x000000000800aaa0        0x0
 .v4_bx         0x000000000800aaa0        0x0 linker stubs

.iplt           0x000000000800aaa0        0x0
 .iplt          0x000000000800aaa0        0x0 openefi.o

.preinit_array  0x000000000800aaa0        0x0
                0x000000000800aaa0                . = ALIGN (0x4)
                0x000000000800aaa0                __preinit_array_start = .
 *(.preinit_array)
                0x000000000800aaa0                __preinit_array_end = .

.init_array     0x000000000800aaa0        0x0
                0x000000000800aaa0                . = ALIGN (0x4)
                0x000000000800aaa0                __init_array_start = .
 *(SORT_BY_NAME(.init_array.*))
 *(.init_array)
                0x000000000800aaa0                __init_array_end = .

.fini_array     0x000000000800aaa0        0x0
                0x000000000800aaa0                . = ALIGN (0x4)
                0x000000000800aaa0                __fini_array_start = .
 *(.fini_array)
 *(SORT_BY_NAME(.fini_array.*))
                0x000000000800aaa0                __fini_array_end = .

.ARM.extab
 *(.ARM.extab*)

.ARM.exidx      0x000000000800aaa0       0x90
                0x000000000800aaa0                __exidx_start = .
 *(.ARM.exidx*)
 .ARM.exidx.text.startup.main
                0x000000000800aaa0       0x10 openefi.o
                                          0x8 (size before relaxing)
 .ARM.exidx.text.__udivmoddi4
                0x000000000800aab0        0x0 /usr/lib/gcc/arm-none-eabi/9.1.0/thumb/v7-m/nofp/libgcc.a(_udivmoddi4.o)
                                          0x8 (size before relaxing)
 .ARM.exidx.text.selfrel_offset31
                0x000000000800aab0        0x0 /usr/lib/gcc/arm-none-eabi/9.1.0/thumb/v7-m/nofp/libgcc.a(unwind-arm.o)
                                          0x8 (size before relaxing)
 .ARM.exidx.text.search_EIT_table
                0x000000000800aab0        0x0 /usr/lib/gcc/arm-none-eabi/9.1.0/thumb/v7-m/nofp/libgcc.a(unwind-arm.o)
                                          0x8 (size before relaxing)
 .ARM.exidx.text.__gnu_unwind_get_pr_addr
                0x000000000800aab0        0x0 /usr/lib/gcc/arm-none-eabi/9.1.0/thumb/v7-m/nofp/libgcc.a(unwind-arm.o)
                                          0x8 (size before relaxing)
 .ARM.exidx.text.get_eit_entry
                0x000000000800aab0        0x8 /usr/lib/gcc/arm-none-eabi/9.1.0/thumb/v7-m/nofp/libgcc.a(unwind-arm.o)
 .ARM.exidx.text.restore_non_core_regs
                0x000000000800aab8        0x8 /usr/lib/gcc/arm-none-eabi/9.1.0/thumb/v7-m/nofp/libgcc.a(unwind-arm.o)
 .ARM.exidx.text._Unwind_decode_typeinfo_ptr.isra.0
                0x000000000800aac0        0x8 /usr/lib/gcc/arm-none-eabi/9.1.0/thumb/v7-m/nofp/libgcc.a(unwind-arm.o)
 .ARM.exidx.text._Unwind_DebugHook
                0x000000000800aac8        0x0 /usr/lib/gcc/arm-none-eabi/9.1.0/thumb/v7-m/nofp/libgcc.a(unwind-arm.o)
                                          0x8 (size before relaxing)
 .ARM.exidx.text.unwind_phase2
                0x000000000800aac8        0x8 /usr/lib/gcc/arm-none-eabi/9.1.0/thumb/v7-m/nofp/libgcc.a(unwind-arm.o)
 .ARM.exidx.text.unwind_phase2_forced
                0x000000000800aad0        0x8 /usr/lib/gcc/arm-none-eabi/9.1.0/thumb/v7-m/nofp/libgcc.a(unwind-arm.o)
 .ARM.exidx.text.__gnu_Unwind_RaiseException
                0x000000000800aad8        0x8 /usr/lib/gcc/arm-none-eabi/9.1.0/thumb/v7-m/nofp/libgcc.a(unwind-arm.o)
 .ARM.exidx.text.__gnu_Unwind_ForcedUnwind
                0x000000000800aae0        0x8 /usr/lib/gcc/arm-none-eabi/9.1.0/thumb/v7-m/nofp/libgcc.a(unwind-arm.o)
 .ARM.exidx.text.__gnu_Unwind_Resume
                0x000000000800aae8        0x8 /usr/lib/gcc/arm-none-eabi/9.1.0/thumb/v7-m/nofp/libgcc.a(unwind-arm.o)
 .ARM.exidx.text.__gnu_Unwind_Resume_or_Rethrow
                0x000000000800aaf0        0x8 /usr/lib/gcc/arm-none-eabi/9.1.0/thumb/v7-m/nofp/libgcc.a(unwind-arm.o)
 .ARM.exidx.text._Unwind_VRS_Get
                0x000000000800aaf8        0x0 /usr/lib/gcc/arm-none-eabi/9.1.0/thumb/v7-m/nofp/libgcc.a(unwind-arm.o)
                                          0x8 (size before relaxing)
 .ARM.exidx.text._Unwind_GetGR
                0x000000000800aaf8        0x0 /usr/lib/gcc/arm-none-eabi/9.1.0/thumb/v7-m/nofp/libgcc.a(unwind-arm.o)
                                          0x8 (size before relaxing)
 .ARM.exidx.text._Unwind_VRS_Set
                0x000000000800aaf8        0x0 /usr/lib/gcc/arm-none-eabi/9.1.0/thumb/v7-m/nofp/libgcc.a(unwind-arm.o)
                                          0x8 (size before relaxing)
 .ARM.exidx.text._Unwind_SetGR
                0x000000000800aaf8        0x0 /usr/lib/gcc/arm-none-eabi/9.1.0/thumb/v7-m/nofp/libgcc.a(unwind-arm.o)
                                          0x8 (size before relaxing)
 .ARM.exidx.text.__gnu_Unwind_Backtrace
                0x000000000800aaf8        0x8 /usr/lib/gcc/arm-none-eabi/9.1.0/thumb/v7-m/nofp/libgcc.a(unwind-arm.o)
 .ARM.exidx.text.__gnu_unwind_pr_common
                0x000000000800ab00        0x8 /usr/lib/gcc/arm-none-eabi/9.1.0/thumb/v7-m/nofp/libgcc.a(unwind-arm.o)
 .ARM.exidx.text.__aeabi_unwind_cpp_pr0
                0x000000000800ab08        0x8 /usr/lib/gcc/arm-none-eabi/9.1.0/thumb/v7-m/nofp/libgcc.a(unwind-arm.o)
 .ARM.exidx.text.__aeabi_unwind_cpp_pr1
                0x000000000800ab10        0x0 /usr/lib/gcc/arm-none-eabi/9.1.0/thumb/v7-m/nofp/libgcc.a(unwind-arm.o)
                                          0x8 (size before relaxing)
 .ARM.exidx.text.__aeabi_unwind_cpp_pr2
                0x000000000800ab10        0x0 /usr/lib/gcc/arm-none-eabi/9.1.0/thumb/v7-m/nofp/libgcc.a(unwind-arm.o)
                                          0x8 (size before relaxing)
 .ARM.exidx.text._Unwind_VRS_Pop
                0x000000000800ab10       0x10 /usr/lib/gcc/arm-none-eabi/9.1.0/thumb/v7-m/nofp/libgcc.a(unwind-arm.o)
                                          0x8 (size before relaxing)
 .ARM.exidx.text.next_unwind_byte
                0x000000000800ab20        0x0 /usr/lib/gcc/arm-none-eabi/9.1.0/thumb/v7-m/nofp/libgcc.a(pr-support.o)
                                          0x8 (size before relaxing)
 .ARM.exidx.text.__gnu_unwind_execute
                0x000000000800ab20       0x10 /usr/lib/gcc/arm-none-eabi/9.1.0/thumb/v7-m/nofp/libgcc.a(pr-support.o)
                                          0x8 (size before relaxing)
                0x000000000800ab30                __exidx_end = .

.rel.dyn        0x000000000800ab30        0x0
 .rel.iplt      0x000000000800ab30        0x0 openefi.o
                0x000000000800ab30                . = ALIGN (0x4)
                0x000000000800ab30                _etext = .

.data           0x0000000020000000      0x9b4 load address 0x000000000800ab30
                0x0000000020000000                _data = .
 *(.data*)
 .data.rcc_ahb_frequency
                0x0000000020000000        0x4 /home/fdsoftware/repos/libopencm3//lib/libopencm3_stm32f1.a(rcc.o)
                0x0000000020000000                rcc_ahb_frequency
 .data.rcc_apb1_frequency
                0x0000000020000004        0x4 /home/fdsoftware/repos/libopencm3//lib/libopencm3_stm32f1.a(rcc.o)
                0x0000000020000004                rcc_apb1_frequency
 .data.rcc_apb2_frequency
                0x0000000020000008        0x4 /home/fdsoftware/repos/libopencm3//lib/libopencm3_stm32f1.a(rcc.o)
                0x0000000020000008                rcc_apb2_frequency
 .data._impure_ptr
                0x000000002000000c        0x4 /usr/lib/gcc/arm-none-eabi/9.1.0/../../../../arm-none-eabi/lib/thumb/v7-m/nofp/libc.a(lib_a-impure.o)
                0x000000002000000c                _impure_ptr
 .data.impure_data
                0x0000000020000010      0x428 /usr/lib/gcc/arm-none-eabi/9.1.0/../../../../arm-none-eabi/lib/thumb/v7-m/nofp/libc.a(lib_a-impure.o)
 .data.__global_locale
                0x0000000020000438      0x16c /usr/lib/gcc/arm-none-eabi/9.1.0/../../../../arm-none-eabi/lib/thumb/v7-m/nofp/libc.a(lib_a-locale.o)
                0x0000000020000438                __global_locale
 .data.__malloc_av_
                0x00000000200005a4      0x408 /usr/lib/gcc/arm-none-eabi/9.1.0/../../../../arm-none-eabi/lib/thumb/v7-m/nofp/libc.a(lib_a-mallocr.o)
                0x00000000200005a4                __malloc_av_
 .data.__malloc_sbrk_base
                0x00000000200009ac        0x4 /usr/lib/gcc/arm-none-eabi/9.1.0/../../../../arm-none-eabi/lib/thumb/v7-m/nofp/libc.a(lib_a-mallocr.o)
                0x00000000200009ac                __malloc_sbrk_base
 .data.__malloc_trim_threshold
                0x00000000200009b0        0x4 /usr/lib/gcc/arm-none-eabi/9.1.0/../../../../arm-none-eabi/lib/thumb/v7-m/nofp/libc.a(lib_a-mallocr.o)
                0x00000000200009b0                __malloc_trim_threshold
                0x00000000200009b4                . = ALIGN (0x4)
                0x00000000200009b4                _edata = .
                0x000000000800ab30                _data_loadaddr = LOADADDR (.data)

.igot.plt       0x00000000200009b4        0x0 load address 0x000000000800b4e4
 .igot.plt      0x00000000200009b4        0x0 openefi.o

.bss            0x00000000200009b4       0x3c load address 0x000000000800b4e4
 *(.bss*)
 .bss.__malloc_current_mallinfo
                0x00000000200009b4       0x28 /usr/lib/gcc/arm-none-eabi/9.1.0/../../../../arm-none-eabi/lib/thumb/v7-m/nofp/libc.a(lib_a-mallocr.o)
                0x00000000200009b4                __malloc_current_mallinfo
 .bss.__malloc_max_sbrked_mem
                0x00000000200009dc        0x4 /usr/lib/gcc/arm-none-eabi/9.1.0/../../../../arm-none-eabi/lib/thumb/v7-m/nofp/libc.a(lib_a-mallocr.o)
                0x00000000200009dc                __malloc_max_sbrked_mem
 .bss.__malloc_max_total_mem
                0x00000000200009e0        0x4 /usr/lib/gcc/arm-none-eabi/9.1.0/../../../../arm-none-eabi/lib/thumb/v7-m/nofp/libc.a(lib_a-mallocr.o)
                0x00000000200009e0                __malloc_max_total_mem
 .bss.__malloc_top_pad
                0x00000000200009e4        0x4 /usr/lib/gcc/arm-none-eabi/9.1.0/../../../../arm-none-eabi/lib/thumb/v7-m/nofp/libc.a(lib_a-mallocr.o)
                0x00000000200009e4                __malloc_top_pad
 .bss.heap_end.4194
                0x00000000200009e8        0x4 /usr/lib/gcc/arm-none-eabi/9.1.0/../../../../arm-none-eabi/lib/thumb/v7-m/nofp/libnosys.a(sbrk.o)
 *(COMMON)
 COMMON         0x00000000200009ec        0x4 /usr/lib/gcc/arm-none-eabi/9.1.0/../../../../arm-none-eabi/lib/thumb/v7-m/nofp/libc.a(lib_a-reent.o)
                0x00000000200009ec                errno
                0x00000000200009f0                . = ALIGN (0x4)
                0x00000000200009f0                _ebss = .

/DISCARD/
 *(.eh_frame)
                0x00000000200009f0                . = ALIGN (0x4)
                0x00000000200009f0                end = .
                0x0000000020005000                PROVIDE (_stack = (ORIGIN (ram) + LENGTH (ram)))
OUTPUT(openefi.elf elf32-littlearm)

.debug_info     0x0000000000000000     0x3549
 .debug_info    0x0000000000000000      0xf59 openefi.o
 .debug_info    0x0000000000000f59      0x20a /home/fdsoftware/repos/libopencm3//lib/libopencm3_stm32f1.a(gpio.o)
 .debug_info    0x0000000000001163      0x266 /home/fdsoftware/repos/libopencm3//lib/libopencm3_stm32f1.a(gpio_common_all.o)
 .debug_info    0x00000000000013c9     0x128f /home/fdsoftware/repos/libopencm3//lib/libopencm3_stm32f1.a(rcc.o)
 .debug_info    0x0000000000002658      0x603 /home/fdsoftware/repos/libopencm3//lib/libopencm3_stm32f1.a(rcc_common_all.o)
 .debug_info    0x0000000000002c5b      0x51b /home/fdsoftware/repos/libopencm3//lib/libopencm3_stm32f1.a(usart_common_all.o)
 .debug_info    0x0000000000003176      0x2dd /home/fdsoftware/repos/libopencm3//lib/libopencm3_stm32f1.a(vector.o)
 .debug_info    0x0000000000003453       0xf6 /home/fdsoftware/repos/libopencm3//lib/libopencm3_stm32f1.a(flash_common_all.o)

.debug_abbrev   0x0000000000000000      0xc78
 .debug_abbrev  0x0000000000000000      0x34f openefi.o
 .debug_abbrev  0x000000000000034f       0xd0 /home/fdsoftware/repos/libopencm3//lib/libopencm3_stm32f1.a(gpio.o)
 .debug_abbrev  0x000000000000041f      0x116 /home/fdsoftware/repos/libopencm3//lib/libopencm3_stm32f1.a(gpio_common_all.o)
 .debug_abbrev  0x0000000000000535      0x2e1 /home/fdsoftware/repos/libopencm3//lib/libopencm3_stm32f1.a(rcc.o)
 .debug_abbrev  0x0000000000000816      0x15d /home/fdsoftware/repos/libopencm3//lib/libopencm3_stm32f1.a(rcc_common_all.o)
 .debug_abbrev  0x0000000000000973      0x129 /home/fdsoftware/repos/libopencm3//lib/libopencm3_stm32f1.a(usart_common_all.o)
 .debug_abbrev  0x0000000000000a9c      0x145 /home/fdsoftware/repos/libopencm3//lib/libopencm3_stm32f1.a(vector.o)
 .debug_abbrev  0x0000000000000be1       0x97 /home/fdsoftware/repos/libopencm3//lib/libopencm3_stm32f1.a(flash_common_all.o)

.debug_loc      0x0000000000000000      0xa3a
 .debug_loc     0x0000000000000000      0x1b8 openefi.o
 .debug_loc     0x00000000000001b8      0x126 /home/fdsoftware/repos/libopencm3//lib/libopencm3_stm32f1.a(gpio.o)
 .debug_loc     0x00000000000002de       0xbe /home/fdsoftware/repos/libopencm3//lib/libopencm3_stm32f1.a(gpio_common_all.o)
 .debug_loc     0x000000000000039c      0x39c /home/fdsoftware/repos/libopencm3//lib/libopencm3_stm32f1.a(rcc.o)
 .debug_loc     0x0000000000000738       0x6f /home/fdsoftware/repos/libopencm3//lib/libopencm3_stm32f1.a(rcc_common_all.o)
 .debug_loc     0x00000000000007a7      0x172 /home/fdsoftware/repos/libopencm3//lib/libopencm3_stm32f1.a(usart_common_all.o)
 .debug_loc     0x0000000000000919      0x10c /home/fdsoftware/repos/libopencm3//lib/libopencm3_stm32f1.a(vector.o)
 .debug_loc     0x0000000000000a25       0x15 /home/fdsoftware/repos/libopencm3//lib/libopencm3_stm32f1.a(flash_common_all.o)

.debug_aranges  0x0000000000000000      0x388
 .debug_aranges
                0x0000000000000000       0x30 openefi.o
 .debug_aranges
                0x0000000000000030       0x38 /home/fdsoftware/repos/libopencm3//lib/libopencm3_stm32f1.a(gpio.o)
 .debug_aranges
                0x0000000000000068       0x50 /home/fdsoftware/repos/libopencm3//lib/libopencm3_stm32f1.a(gpio_common_all.o)
 .debug_aranges
                0x00000000000000b8      0x158 /home/fdsoftware/repos/libopencm3//lib/libopencm3_stm32f1.a(rcc.o)
 .debug_aranges
                0x0000000000000210       0x58 /home/fdsoftware/repos/libopencm3//lib/libopencm3_stm32f1.a(rcc_common_all.o)
 .debug_aranges
                0x0000000000000268       0xb8 /home/fdsoftware/repos/libopencm3//lib/libopencm3_stm32f1.a(usart_common_all.o)
 .debug_aranges
                0x0000000000000320       0x30 /home/fdsoftware/repos/libopencm3//lib/libopencm3_stm32f1.a(vector.o)
 .debug_aranges
                0x0000000000000350       0x38 /home/fdsoftware/repos/libopencm3//lib/libopencm3_stm32f1.a(flash_common_all.o)

.debug_ranges   0x0000000000000000      0x3a8
 .debug_ranges  0x0000000000000000       0x50 openefi.o
 .debug_ranges  0x0000000000000050       0x28 /home/fdsoftware/repos/libopencm3//lib/libopencm3_stm32f1.a(gpio.o)
 .debug_ranges  0x0000000000000078       0x40 /home/fdsoftware/repos/libopencm3//lib/libopencm3_stm32f1.a(gpio_common_all.o)
 .debug_ranges  0x00000000000000b8      0x1b8 /home/fdsoftware/repos/libopencm3//lib/libopencm3_stm32f1.a(rcc.o)
 .debug_ranges  0x0000000000000270       0x48 /home/fdsoftware/repos/libopencm3//lib/libopencm3_stm32f1.a(rcc_common_all.o)
 .debug_ranges  0x00000000000002b8       0xa8 /home/fdsoftware/repos/libopencm3//lib/libopencm3_stm32f1.a(usart_common_all.o)
 .debug_ranges  0x0000000000000360       0x20 /home/fdsoftware/repos/libopencm3//lib/libopencm3_stm32f1.a(vector.o)
 .debug_ranges  0x0000000000000380       0x28 /home/fdsoftware/repos/libopencm3//lib/libopencm3_stm32f1.a(flash_common_all.o)

.debug_line     0x0000000000000000     0x2563
 .debug_line    0x0000000000000000      0x3e7 openefi.o
 .debug_line    0x00000000000003e7      0x30e /home/fdsoftware/repos/libopencm3//lib/libopencm3_stm32f1.a(gpio.o)
 .debug_line    0x00000000000006f5      0x334 /home/fdsoftware/repos/libopencm3//lib/libopencm3_stm32f1.a(gpio_common_all.o)
 .debug_line    0x0000000000000a29      0xc4d /home/fdsoftware/repos/libopencm3//lib/libopencm3_stm32f1.a(rcc.o)
 .debug_line    0x0000000000001676      0x35e /home/fdsoftware/repos/libopencm3//lib/libopencm3_stm32f1.a(rcc_common_all.o)
 .debug_line    0x00000000000019d4      0x53b /home/fdsoftware/repos/libopencm3//lib/libopencm3_stm32f1.a(usart_common_all.o)
 .debug_line    0x0000000000001f0f      0x36f /home/fdsoftware/repos/libopencm3//lib/libopencm3_stm32f1.a(vector.o)
 .debug_line    0x000000000000227e      0x2e5 /home/fdsoftware/repos/libopencm3//lib/libopencm3_stm32f1.a(flash_common_all.o)

.debug_str      0x0000000000000000     0xf6a6
 .debug_str     0x0000000000000000      0x8c6 openefi.o
                                        0x9a8 (size before relaxing)
 .debug_str     0x00000000000008c6     0x8322 /home/fdsoftware/repos/libopencm3//lib/libopencm3_stm32f1.a(gpio.o)
                                       0x84bc (size before relaxing)
 .debug_str     0x0000000000008be8       0x6b /home/fdsoftware/repos/libopencm3//lib/libopencm3_stm32f1.a(gpio_common_all.o)
                                       0x84b0 (size before relaxing)
 .debug_str     0x0000000000008c53     0x30b6 /home/fdsoftware/repos/libopencm3//lib/libopencm3_stm32f1.a(rcc.o)
                                       0x7daf (size before relaxing)
 .debug_str     0x000000000000bd09      0x35b /home/fdsoftware/repos/libopencm3//lib/libopencm3_stm32f1.a(rcc_common_all.o)
                                       0x76c5 (size before relaxing)
 .debug_str     0x000000000000c064     0x10f2 /home/fdsoftware/repos/libopencm3//lib/libopencm3_stm32f1.a(usart_common_all.o)
                                       0x8284 (size before relaxing)
 .debug_str     0x000000000000d156     0x24ec /home/fdsoftware/repos/libopencm3//lib/libopencm3_stm32f1.a(vector.o)
                                       0x65ec (size before relaxing)
 .debug_str     0x000000000000f642       0x64 /home/fdsoftware/repos/libopencm3//lib/libopencm3_stm32f1.a(flash_common_all.o)
                                       0x5488 (size before relaxing)

.comment        0x0000000000000000       0x1d
 .comment       0x0000000000000000       0x1d openefi.o
                                         0x1e (size before relaxing)
 .comment       0x000000000000001d       0x1e /home/fdsoftware/repos/libopencm3//lib/libopencm3_stm32f1.a(gpio.o)
 .comment       0x000000000000001d       0x1e /home/fdsoftware/repos/libopencm3//lib/libopencm3_stm32f1.a(gpio_common_all.o)
 .comment       0x000000000000001d       0x1e /home/fdsoftware/repos/libopencm3//lib/libopencm3_stm32f1.a(rcc.o)
 .comment       0x000000000000001d       0x1e /home/fdsoftware/repos/libopencm3//lib/libopencm3_stm32f1.a(rcc_common_all.o)
 .comment       0x000000000000001d       0x1e /home/fdsoftware/repos/libopencm3//lib/libopencm3_stm32f1.a(usart_common_all.o)
 .comment       0x000000000000001d       0x1e /home/fdsoftware/repos/libopencm3//lib/libopencm3_stm32f1.a(vector.o)
 .comment       0x000000000000001d       0x1e /home/fdsoftware/repos/libopencm3//lib/libopencm3_stm32f1.a(flash_common_all.o)

.ARM.attributes
                0x0000000000000000       0x2b
 .ARM.attributes
                0x0000000000000000       0x2d openefi.o
 .ARM.attributes
                0x000000000000002d       0x2d /home/fdsoftware/repos/libopencm3//lib/libopencm3_stm32f1.a(gpio.o)
 .ARM.attributes
                0x000000000000005a       0x2d /home/fdsoftware/repos/libopencm3//lib/libopencm3_stm32f1.a(gpio_common_all.o)
 .ARM.attributes
                0x0000000000000087       0x2d /home/fdsoftware/repos/libopencm3//lib/libopencm3_stm32f1.a(rcc.o)
 .ARM.attributes
                0x00000000000000b4       0x2d /home/fdsoftware/repos/libopencm3//lib/libopencm3_stm32f1.a(rcc_common_all.o)
 .ARM.attributes
                0x00000000000000e1       0x2d /home/fdsoftware/repos/libopencm3//lib/libopencm3_stm32f1.a(usart_common_all.o)
 .ARM.attributes
                0x000000000000010e       0x2d /home/fdsoftware/repos/libopencm3//lib/libopencm3_stm32f1.a(vector.o)
 .ARM.attributes
                0x000000000000013b       0x2d /home/fdsoftware/repos/libopencm3//lib/libopencm3_stm32f1.a(flash_common_all.o)
 .ARM.attributes
                0x0000000000000168       0x2d /usr/lib/gcc/arm-none-eabi/9.1.0/../../../../arm-none-eabi/lib/thumb/v7-m/nofp/libc.a(lib_a-impure.o)
 .ARM.attributes
                0x0000000000000195       0x2d /usr/lib/gcc/arm-none-eabi/9.1.0/../../../../arm-none-eabi/lib/thumb/v7-m/nofp/libc.a(lib_a-printf.o)
 .ARM.attributes
                0x00000000000001c2       0x2d /usr/lib/gcc/arm-none-eabi/9.1.0/../../../../arm-none-eabi/lib/thumb/v7-m/nofp/libc.a(lib_a-vfprintf.o)
 .ARM.attributes
                0x00000000000001ef       0x2d /usr/lib/gcc/arm-none-eabi/9.1.0/../../../../arm-none-eabi/lib/thumb/v7-m/nofp/libc.a(lib_a-wsetup.o)
 .ARM.attributes
                0x000000000000021c       0x2d /usr/lib/gcc/arm-none-eabi/9.1.0/../../../../arm-none-eabi/lib/thumb/v7-m/nofp/libc.a(lib_a-dtoa.o)
 .ARM.attributes
                0x0000000000000249       0x2d /usr/lib/gcc/arm-none-eabi/9.1.0/../../../../arm-none-eabi/lib/thumb/v7-m/nofp/libc.a(lib_a-fflush.o)
 .ARM.attributes
                0x0000000000000276       0x2d /usr/lib/gcc/arm-none-eabi/9.1.0/../../../../arm-none-eabi/lib/thumb/v7-m/nofp/libc.a(lib_a-findfp.o)
 .ARM.attributes
                0x00000000000002a3       0x2d /usr/lib/gcc/arm-none-eabi/9.1.0/../../../../arm-none-eabi/lib/thumb/v7-m/nofp/libc.a(lib_a-freer.o)
 .ARM.attributes
                0x00000000000002d0       0x2d /usr/lib/gcc/arm-none-eabi/9.1.0/../../../../arm-none-eabi/lib/thumb/v7-m/nofp/libc.a(lib_a-fwalk.o)
 .ARM.attributes
                0x00000000000002fd       0x2d /usr/lib/gcc/arm-none-eabi/9.1.0/../../../../arm-none-eabi/lib/thumb/v7-m/nofp/libc.a(lib_a-localeconv.o)
 .ARM.attributes
                0x000000000000032a       0x2d /usr/lib/gcc/arm-none-eabi/9.1.0/../../../../arm-none-eabi/lib/thumb/v7-m/nofp/libc.a(lib_a-locale.o)
 .ARM.attributes
                0x0000000000000357       0x2d /usr/lib/gcc/arm-none-eabi/9.1.0/../../../../arm-none-eabi/lib/thumb/v7-m/nofp/libc.a(lib_a-makebuf.o)
 .ARM.attributes
                0x0000000000000384       0x2d /usr/lib/gcc/arm-none-eabi/9.1.0/../../../../arm-none-eabi/lib/thumb/v7-m/nofp/libc.a(lib_a-mallocr.o)
 .ARM.attributes
                0x00000000000003b1       0x2d /usr/lib/gcc/arm-none-eabi/9.1.0/../../../../arm-none-eabi/lib/thumb/v7-m/nofp/libc.a(lib_a-mbtowc_r.o)
 .ARM.attributes
                0x00000000000003de       0x2d /usr/lib/gcc/arm-none-eabi/9.1.0/../../../../arm-none-eabi/lib/thumb/v7-m/nofp/libc.a(lib_a-memchr-stub.o)
 .ARM.attributes
                0x000000000000040b       0x1b /usr/lib/gcc/arm-none-eabi/9.1.0/../../../../arm-none-eabi/lib/thumb/v7-m/nofp/libc.a(lib_a-memcpy.o)
 .ARM.attributes
                0x0000000000000426       0x2d /usr/lib/gcc/arm-none-eabi/9.1.0/../../../../arm-none-eabi/lib/thumb/v7-m/nofp/libc.a(lib_a-memset.o)
 .ARM.attributes
                0x0000000000000453       0x2d /usr/lib/gcc/arm-none-eabi/9.1.0/../../../../arm-none-eabi/lib/thumb/v7-m/nofp/libc.a(lib_a-mlock.o)
 .ARM.attributes
                0x0000000000000480       0x2d /usr/lib/gcc/arm-none-eabi/9.1.0/../../../../arm-none-eabi/lib/thumb/v7-m/nofp/libc.a(lib_a-mprec.o)
 .ARM.attributes
                0x00000000000004ad       0x2d /usr/lib/gcc/arm-none-eabi/9.1.0/../../../../arm-none-eabi/lib/thumb/v7-m/nofp/libc.a(lib_a-sbrkr.o)
 .ARM.attributes
                0x00000000000004da       0x2d /usr/lib/gcc/arm-none-eabi/9.1.0/../../../../arm-none-eabi/lib/thumb/v7-m/nofp/libc.a(lib_a-stdio.o)
 .ARM.attributes
                0x0000000000000507       0x2d /usr/lib/gcc/arm-none-eabi/9.1.0/../../../../arm-none-eabi/lib/thumb/v7-m/nofp/libc.a(lib_a-strlen-stub.o)
 .ARM.attributes
                0x0000000000000534       0x2d /usr/lib/gcc/arm-none-eabi/9.1.0/../../../../arm-none-eabi/lib/thumb/v7-m/nofp/libc.a(lib_a-vfiprintf.o)
 .ARM.attributes
                0x0000000000000561       0x2d /usr/lib/gcc/arm-none-eabi/9.1.0/../../../../arm-none-eabi/lib/thumb/v7-m/nofp/libc.a(lib_a-wctomb_r.o)
 .ARM.attributes
                0x000000000000058e       0x2d /usr/lib/gcc/arm-none-eabi/9.1.0/../../../../arm-none-eabi/lib/thumb/v7-m/nofp/libc.a(lib_a-writer.o)
 .ARM.attributes
                0x00000000000005bb       0x2d /usr/lib/gcc/arm-none-eabi/9.1.0/../../../../arm-none-eabi/lib/thumb/v7-m/nofp/libc.a(lib_a-callocr.o)
 .ARM.attributes
                0x00000000000005e8       0x2d /usr/lib/gcc/arm-none-eabi/9.1.0/../../../../arm-none-eabi/lib/thumb/v7-m/nofp/libc.a(lib_a-closer.o)
 .ARM.attributes
                0x0000000000000615       0x2d /usr/lib/gcc/arm-none-eabi/9.1.0/../../../../arm-none-eabi/lib/thumb/v7-m/nofp/libc.a(lib_a-ctype_.o)
 .ARM.attributes
                0x0000000000000642       0x2d /usr/lib/gcc/arm-none-eabi/9.1.0/../../../../arm-none-eabi/lib/thumb/v7-m/nofp/libc.a(lib_a-fclose.o)
 .ARM.attributes
                0x000000000000066f       0x2d /usr/lib/gcc/arm-none-eabi/9.1.0/../../../../arm-none-eabi/lib/thumb/v7-m/nofp/libc.a(lib_a-fputwc.o)
 .ARM.attributes
                0x000000000000069c       0x2d /usr/lib/gcc/arm-none-eabi/9.1.0/../../../../arm-none-eabi/lib/thumb/v7-m/nofp/libc.a(lib_a-fstatr.o)
 .ARM.attributes
                0x00000000000006c9       0x2d /usr/lib/gcc/arm-none-eabi/9.1.0/../../../../arm-none-eabi/lib/thumb/v7-m/nofp/libc.a(lib_a-fvwrite.o)
 .ARM.attributes
                0x00000000000006f6       0x2d /usr/lib/gcc/arm-none-eabi/9.1.0/../../../../arm-none-eabi/lib/thumb/v7-m/nofp/libc.a(lib_a-isattyr.o)
 .ARM.attributes
                0x0000000000000723       0x2d /usr/lib/gcc/arm-none-eabi/9.1.0/../../../../arm-none-eabi/lib/thumb/v7-m/nofp/libc.a(lib_a-lseekr.o)
 .ARM.attributes
                0x0000000000000750       0x2d /usr/lib/gcc/arm-none-eabi/9.1.0/../../../../arm-none-eabi/lib/thumb/v7-m/nofp/libc.a(lib_a-memmove.o)
 .ARM.attributes
                0x000000000000077d       0x2d /usr/lib/gcc/arm-none-eabi/9.1.0/../../../../arm-none-eabi/lib/thumb/v7-m/nofp/libc.a(lib_a-readr.o)
 .ARM.attributes
                0x00000000000007aa       0x2d /usr/lib/gcc/arm-none-eabi/9.1.0/../../../../arm-none-eabi/lib/thumb/v7-m/nofp/libc.a(lib_a-reallocr.o)
 .ARM.attributes
                0x00000000000007d7       0x2d /usr/lib/gcc/arm-none-eabi/9.1.0/../../../../arm-none-eabi/lib/thumb/v7-m/nofp/libc.a(lib_a-reent.o)
 .ARM.attributes
                0x0000000000000804       0x2d /usr/lib/gcc/arm-none-eabi/9.1.0/../../../../arm-none-eabi/lib/thumb/v7-m/nofp/libc.a(lib_a-wbuf.o)
 .ARM.attributes
                0x0000000000000831       0x2d /usr/lib/gcc/arm-none-eabi/9.1.0/../../../../arm-none-eabi/lib/thumb/v7-m/nofp/libc.a(lib_a-wcrtomb.o)
 .ARM.attributes
                0x000000000000085e       0x1d /usr/lib/gcc/arm-none-eabi/9.1.0/thumb/v7-m/nofp/libgcc.a(_arm_addsubdf3.o)
 .ARM.attributes
                0x000000000000087b       0x1d /usr/lib/gcc/arm-none-eabi/9.1.0/thumb/v7-m/nofp/libgcc.a(_arm_muldivdf3.o)
 .ARM.attributes
                0x0000000000000898       0x1d /usr/lib/gcc/arm-none-eabi/9.1.0/thumb/v7-m/nofp/libgcc.a(_arm_cmpdf2.o)
 .ARM.attributes
                0x00000000000008b5       0x1d /usr/lib/gcc/arm-none-eabi/9.1.0/thumb/v7-m/nofp/libgcc.a(_arm_unorddf2.o)
 .ARM.attributes
                0x00000000000008d2       0x1d /usr/lib/gcc/arm-none-eabi/9.1.0/thumb/v7-m/nofp/libgcc.a(_arm_fixdfsi.o)
 .ARM.attributes
                0x00000000000008ef       0x1d /usr/lib/gcc/arm-none-eabi/9.1.0/thumb/v7-m/nofp/libgcc.a(_arm_truncdfsf2.o)
 .ARM.attributes
                0x000000000000090c       0x1d /usr/lib/gcc/arm-none-eabi/9.1.0/thumb/v7-m/nofp/libgcc.a(_aeabi_uldivmod.o)
 .ARM.attributes
                0x0000000000000929       0x2d /usr/lib/gcc/arm-none-eabi/9.1.0/thumb/v7-m/nofp/libgcc.a(_udivmoddi4.o)
 .ARM.attributes
                0x0000000000000956       0x1d /usr/lib/gcc/arm-none-eabi/9.1.0/thumb/v7-m/nofp/libgcc.a(_dvmd_tls.o)
 .ARM.attributes
                0x0000000000000973       0x2d /usr/lib/gcc/arm-none-eabi/9.1.0/../../../../arm-none-eabi/lib/thumb/v7-m/nofp/libnosys.a(close.o)
 .ARM.attributes
                0x00000000000009a0       0x2d /usr/lib/gcc/arm-none-eabi/9.1.0/../../../../arm-none-eabi/lib/thumb/v7-m/nofp/libnosys.a(fstat.o)
 .ARM.attributes
                0x00000000000009cd       0x2d /usr/lib/gcc/arm-none-eabi/9.1.0/../../../../arm-none-eabi/lib/thumb/v7-m/nofp/libnosys.a(isatty.o)
 .ARM.attributes
                0x00000000000009fa       0x2d /usr/lib/gcc/arm-none-eabi/9.1.0/../../../../arm-none-eabi/lib/thumb/v7-m/nofp/libnosys.a(lseek.o)
 .ARM.attributes
                0x0000000000000a27       0x2d /usr/lib/gcc/arm-none-eabi/9.1.0/../../../../arm-none-eabi/lib/thumb/v7-m/nofp/libnosys.a(read.o)
 .ARM.attributes
                0x0000000000000a54       0x2d /usr/lib/gcc/arm-none-eabi/9.1.0/../../../../arm-none-eabi/lib/thumb/v7-m/nofp/libnosys.a(sbrk.o)
 .ARM.attributes
                0x0000000000000a81       0x2d /usr/lib/gcc/arm-none-eabi/9.1.0/../../../../arm-none-eabi/lib/thumb/v7-m/nofp/libnosys.a(write.o)

.debug_frame    0x0000000000000000     0x18e8
 .debug_frame   0x0000000000000000       0x78 openefi.o
 .debug_frame   0x0000000000000078       0x60 /home/fdsoftware/repos/libopencm3//lib/libopencm3_stm32f1.a(gpio.o)
 .debug_frame   0x00000000000000d8       0x80 /home/fdsoftware/repos/libopencm3//lib/libopencm3_stm32f1.a(gpio_common_all.o)
 .debug_frame   0x0000000000000158      0x2e0 /home/fdsoftware/repos/libopencm3//lib/libopencm3_stm32f1.a(rcc.o)
 .debug_frame   0x0000000000000438       0xd0 /home/fdsoftware/repos/libopencm3//lib/libopencm3_stm32f1.a(rcc_common_all.o)
 .debug_frame   0x0000000000000508      0x170 /home/fdsoftware/repos/libopencm3//lib/libopencm3_stm32f1.a(usart_common_all.o)
 .debug_frame   0x0000000000000678       0x4c /home/fdsoftware/repos/libopencm3//lib/libopencm3_stm32f1.a(vector.o)
 .debug_frame   0x00000000000006c4       0x50 /home/fdsoftware/repos/libopencm3//lib/libopencm3_stm32f1.a(flash_common_all.o)
 .debug_frame   0x0000000000000714       0x78 /usr/lib/gcc/arm-none-eabi/9.1.0/../../../../arm-none-eabi/lib/thumb/v7-m/nofp/libc.a(lib_a-printf.o)
 .debug_frame   0x000000000000078c       0x84 /usr/lib/gcc/arm-none-eabi/9.1.0/../../../../arm-none-eabi/lib/thumb/v7-m/nofp/libc.a(lib_a-vfprintf.o)
 .debug_frame   0x0000000000000810       0x2c /usr/lib/gcc/arm-none-eabi/9.1.0/../../../../arm-none-eabi/lib/thumb/v7-m/nofp/libc.a(lib_a-wsetup.o)
 .debug_frame   0x000000000000083c       0x8c /usr/lib/gcc/arm-none-eabi/9.1.0/../../../../arm-none-eabi/lib/thumb/v7-m/nofp/libc.a(lib_a-dtoa.o)
 .debug_frame   0x00000000000008c8       0x68 /usr/lib/gcc/arm-none-eabi/9.1.0/../../../../arm-none-eabi/lib/thumb/v7-m/nofp/libc.a(lib_a-fflush.o)
 .debug_frame   0x0000000000000930      0x120 /usr/lib/gcc/arm-none-eabi/9.1.0/../../../../arm-none-eabi/lib/thumb/v7-m/nofp/libc.a(lib_a-findfp.o)
 .debug_frame   0x0000000000000a50       0x80 /usr/lib/gcc/arm-none-eabi/9.1.0/../../../../arm-none-eabi/lib/thumb/v7-m/nofp/libc.a(lib_a-freer.o)
 .debug_frame   0x0000000000000ad0       0x54 /usr/lib/gcc/arm-none-eabi/9.1.0/../../../../arm-none-eabi/lib/thumb/v7-m/nofp/libc.a(lib_a-fwalk.o)
 .debug_frame   0x0000000000000b24       0x40 /usr/lib/gcc/arm-none-eabi/9.1.0/../../../../arm-none-eabi/lib/thumb/v7-m/nofp/libc.a(lib_a-localeconv.o)
 .debug_frame   0x0000000000000b64       0x54 /usr/lib/gcc/arm-none-eabi/9.1.0/../../../../arm-none-eabi/lib/thumb/v7-m/nofp/libc.a(lib_a-locale.o)
 .debug_frame   0x0000000000000bb8       0x64 /usr/lib/gcc/arm-none-eabi/9.1.0/../../../../arm-none-eabi/lib/thumb/v7-m/nofp/libc.a(lib_a-makebuf.o)
 .debug_frame   0x0000000000000c1c       0x4c /usr/lib/gcc/arm-none-eabi/9.1.0/../../../../arm-none-eabi/lib/thumb/v7-m/nofp/libc.a(lib_a-mallocr.o)
 .debug_frame   0x0000000000000c68       0x4c /usr/lib/gcc/arm-none-eabi/9.1.0/../../../../arm-none-eabi/lib/thumb/v7-m/nofp/libc.a(lib_a-mbtowc_r.o)
 .debug_frame   0x0000000000000cb4       0x34 /usr/lib/gcc/arm-none-eabi/9.1.0/../../../../arm-none-eabi/lib/thumb/v7-m/nofp/libc.a(lib_a-memchr-stub.o)
 .debug_frame   0x0000000000000ce8       0x38 /usr/lib/gcc/arm-none-eabi/9.1.0/../../../../arm-none-eabi/lib/thumb/v7-m/nofp/libc.a(lib_a-memset.o)
 .debug_frame   0x0000000000000d20       0x30 /usr/lib/gcc/arm-none-eabi/9.1.0/../../../../arm-none-eabi/lib/thumb/v7-m/nofp/libc.a(lib_a-mlock.o)
 .debug_frame   0x0000000000000d50      0x260 /usr/lib/gcc/arm-none-eabi/9.1.0/../../../../arm-none-eabi/lib/thumb/v7-m/nofp/libc.a(lib_a-mprec.o)
 .debug_frame   0x0000000000000fb0       0x2c /usr/lib/gcc/arm-none-eabi/9.1.0/../../../../arm-none-eabi/lib/thumb/v7-m/nofp/libc.a(lib_a-sbrkr.o)
 .debug_frame   0x0000000000000fdc       0x8c /usr/lib/gcc/arm-none-eabi/9.1.0/../../../../arm-none-eabi/lib/thumb/v7-m/nofp/libc.a(lib_a-stdio.o)
 .debug_frame   0x0000000000001068       0x20 /usr/lib/gcc/arm-none-eabi/9.1.0/../../../../arm-none-eabi/lib/thumb/v7-m/nofp/libc.a(lib_a-strlen-stub.o)
 .debug_frame   0x0000000000001088       0xc8 /usr/lib/gcc/arm-none-eabi/9.1.0/../../../../arm-none-eabi/lib/thumb/v7-m/nofp/libc.a(lib_a-vfiprintf.o)
 .debug_frame   0x0000000000001150       0x3c /usr/lib/gcc/arm-none-eabi/9.1.0/../../../../arm-none-eabi/lib/thumb/v7-m/nofp/libc.a(lib_a-wctomb_r.o)
 .debug_frame   0x000000000000118c       0x30 /usr/lib/gcc/arm-none-eabi/9.1.0/../../../../arm-none-eabi/lib/thumb/v7-m/nofp/libc.a(lib_a-writer.o)
 .debug_frame   0x00000000000011bc       0x28 /usr/lib/gcc/arm-none-eabi/9.1.0/../../../../arm-none-eabi/lib/thumb/v7-m/nofp/libc.a(lib_a-callocr.o)
 .debug_frame   0x00000000000011e4       0x2c /usr/lib/gcc/arm-none-eabi/9.1.0/../../../../arm-none-eabi/lib/thumb/v7-m/nofp/libc.a(lib_a-closer.o)
 .debug_frame   0x0000000000001210       0x3c /usr/lib/gcc/arm-none-eabi/9.1.0/../../../../arm-none-eabi/lib/thumb/v7-m/nofp/libc.a(lib_a-fclose.o)
 .debug_frame   0x000000000000124c       0x88 /usr/lib/gcc/arm-none-eabi/9.1.0/../../../../arm-none-eabi/lib/thumb/v7-m/nofp/libc.a(lib_a-fputwc.o)
 .debug_frame   0x00000000000012d4       0x2c /usr/lib/gcc/arm-none-eabi/9.1.0/../../../../arm-none-eabi/lib/thumb/v7-m/nofp/libc.a(lib_a-fstatr.o)
 .debug_frame   0x0000000000001300       0x64 /usr/lib/gcc/arm-none-eabi/9.1.0/../../../../arm-none-eabi/lib/thumb/v7-m/nofp/libc.a(lib_a-fvwrite.o)
 .debug_frame   0x0000000000001364       0x2c /usr/lib/gcc/arm-none-eabi/9.1.0/../../../../arm-none-eabi/lib/thumb/v7-m/nofp/libc.a(lib_a-isattyr.o)
 .debug_frame   0x0000000000001390       0x30 /usr/lib/gcc/arm-none-eabi/9.1.0/../../../../arm-none-eabi/lib/thumb/v7-m/nofp/libc.a(lib_a-lseekr.o)
 .debug_frame   0x00000000000013c0       0x40 /usr/lib/gcc/arm-none-eabi/9.1.0/../../../../arm-none-eabi/lib/thumb/v7-m/nofp/libc.a(lib_a-memmove.o)
 .debug_frame   0x0000000000001400       0x30 /usr/lib/gcc/arm-none-eabi/9.1.0/../../../../arm-none-eabi/lib/thumb/v7-m/nofp/libc.a(lib_a-readr.o)
 .debug_frame   0x0000000000001430       0x48 /usr/lib/gcc/arm-none-eabi/9.1.0/../../../../arm-none-eabi/lib/thumb/v7-m/nofp/libc.a(lib_a-reallocr.o)
 .debug_frame   0x0000000000001478       0x60 /usr/lib/gcc/arm-none-eabi/9.1.0/../../../../arm-none-eabi/lib/thumb/v7-m/nofp/libc.a(lib_a-reent.o)
 .debug_frame   0x00000000000014d8       0x40 /usr/lib/gcc/arm-none-eabi/9.1.0/../../../../arm-none-eabi/lib/thumb/v7-m/nofp/libc.a(lib_a-wbuf.o)
 .debug_frame   0x0000000000001518       0x64 /usr/lib/gcc/arm-none-eabi/9.1.0/../../../../arm-none-eabi/lib/thumb/v7-m/nofp/libc.a(lib_a-wcrtomb.o)
 .debug_frame   0x000000000000157c       0xac /usr/lib/gcc/arm-none-eabi/9.1.0/thumb/v7-m/nofp/libgcc.a(_arm_addsubdf3.o)
 .debug_frame   0x0000000000001628       0x50 /usr/lib/gcc/arm-none-eabi/9.1.0/thumb/v7-m/nofp/libgcc.a(_arm_muldivdf3.o)
 .debug_frame   0x0000000000001678       0xc4 /usr/lib/gcc/arm-none-eabi/9.1.0/thumb/v7-m/nofp/libgcc.a(_arm_cmpdf2.o)
 .debug_frame   0x000000000000173c       0x20 /usr/lib/gcc/arm-none-eabi/9.1.0/thumb/v7-m/nofp/libgcc.a(_arm_unorddf2.o)
 .debug_frame   0x000000000000175c       0x24 /usr/lib/gcc/arm-none-eabi/9.1.0/thumb/v7-m/nofp/libgcc.a(_arm_fixdfsi.o)
 .debug_frame   0x0000000000001780       0x24 /usr/lib/gcc/arm-none-eabi/9.1.0/thumb/v7-m/nofp/libgcc.a(_arm_truncdfsf2.o)
 .debug_frame   0x00000000000017a4       0x2c /usr/lib/gcc/arm-none-eabi/9.1.0/thumb/v7-m/nofp/libgcc.a(_aeabi_uldivmod.o)
 .debug_frame   0x00000000000017d0       0x38 /usr/lib/gcc/arm-none-eabi/9.1.0/thumb/v7-m/nofp/libgcc.a(_udivmoddi4.o)
 .debug_frame   0x0000000000001808       0x20 /usr/lib/gcc/arm-none-eabi/9.1.0/../../../../arm-none-eabi/lib/thumb/v7-m/nofp/libnosys.a(close.o)
 .debug_frame   0x0000000000001828       0x20 /usr/lib/gcc/arm-none-eabi/9.1.0/../../../../arm-none-eabi/lib/thumb/v7-m/nofp/libnosys.a(fstat.o)
 .debug_frame   0x0000000000001848       0x20 /usr/lib/gcc/arm-none-eabi/9.1.0/../../../../arm-none-eabi/lib/thumb/v7-m/nofp/libnosys.a(isatty.o)
 .debug_frame   0x0000000000001868       0x20 /usr/lib/gcc/arm-none-eabi/9.1.0/../../../../arm-none-eabi/lib/thumb/v7-m/nofp/libnosys.a(lseek.o)
 .debug_frame   0x0000000000001888       0x20 /usr/lib/gcc/arm-none-eabi/9.1.0/../../../../arm-none-eabi/lib/thumb/v7-m/nofp/libnosys.a(read.o)
 .debug_frame   0x00000000000018a8       0x20 /usr/lib/gcc/arm-none-eabi/9.1.0/../../../../arm-none-eabi/lib/thumb/v7-m/nofp/libnosys.a(sbrk.o)
 .debug_frame   0x00000000000018c8       0x20 /usr/lib/gcc/arm-none-eabi/9.1.0/../../../../arm-none-eabi/lib/thumb/v7-m/nofp/libnosys.a(write.o)

.debug_macro    0x0000000000000000     0x3862
 .debug_macro   0x0000000000000000       0xb8 /home/fdsoftware/repos/libopencm3//lib/libopencm3_stm32f1.a(gpio.o)
 .debug_macro   0x00000000000000b8      0xa90 /home/fdsoftware/repos/libopencm3//lib/libopencm3_stm32f1.a(gpio.o)
 .debug_macro   0x0000000000000b48       0x1c /home/fdsoftware/repos/libopencm3//lib/libopencm3_stm32f1.a(gpio.o)
 .debug_macro   0x0000000000000b64       0x22 /home/fdsoftware/repos/libopencm3//lib/libopencm3_stm32f1.a(gpio.o)
 .debug_macro   0x0000000000000b86       0x56 /home/fdsoftware/repos/libopencm3//lib/libopencm3_stm32f1.a(gpio.o)
 .debug_macro   0x0000000000000bdc       0x51 /home/fdsoftware/repos/libopencm3//lib/libopencm3_stm32f1.a(gpio.o)
 .debug_macro   0x0000000000000c2d       0xef /home/fdsoftware/repos/libopencm3//lib/libopencm3_stm32f1.a(gpio.o)
 .debug_macro   0x0000000000000d1c       0x6a /home/fdsoftware/repos/libopencm3//lib/libopencm3_stm32f1.a(gpio.o)
 .debug_macro   0x0000000000000d86      0x1df /home/fdsoftware/repos/libopencm3//lib/libopencm3_stm32f1.a(gpio.o)
 .debug_macro   0x0000000000000f65       0x22 /home/fdsoftware/repos/libopencm3//lib/libopencm3_stm32f1.a(gpio.o)
 .debug_macro   0x0000000000000f87       0xe8 /home/fdsoftware/repos/libopencm3//lib/libopencm3_stm32f1.a(gpio.o)
 .debug_macro   0x000000000000106f       0x58 /home/fdsoftware/repos/libopencm3//lib/libopencm3_stm32f1.a(gpio.o)
 .debug_macro   0x00000000000010c7      0x1b4 /home/fdsoftware/repos/libopencm3//lib/libopencm3_stm32f1.a(gpio.o)
 .debug_macro   0x000000000000127b       0x76 /home/fdsoftware/repos/libopencm3//lib/libopencm3_stm32f1.a(gpio.o)
 .debug_macro   0x00000000000012f1      0xe04 /home/fdsoftware/repos/libopencm3//lib/libopencm3_stm32f1.a(gpio.o)
 .debug_macro   0x00000000000020f5       0xb8 /home/fdsoftware/repos/libopencm3//lib/libopencm3_stm32f1.a(gpio_common_all.o)
 .debug_macro   0x00000000000021ad       0xe7 /home/fdsoftware/repos/libopencm3//lib/libopencm3_stm32f1.a(rcc.o)
 .debug_macro   0x0000000000002294       0x16 /home/fdsoftware/repos/libopencm3//lib/libopencm3_stm32f1.a(rcc.o)
 .debug_macro   0x00000000000022aa      0x82c /home/fdsoftware/repos/libopencm3//lib/libopencm3_stm32f1.a(rcc.o)
 .debug_macro   0x0000000000002ad6       0xee /home/fdsoftware/repos/libopencm3//lib/libopencm3_stm32f1.a(rcc.o)
 .debug_macro   0x0000000000002bc4       0x82 /home/fdsoftware/repos/libopencm3//lib/libopencm3_stm32f1.a(rcc.o)
 .debug_macro   0x0000000000002c46       0xce /home/fdsoftware/repos/libopencm3//lib/libopencm3_stm32f1.a(rcc_common_all.o)
 .debug_macro   0x0000000000002d14       0xda /home/fdsoftware/repos/libopencm3//lib/libopencm3_stm32f1.a(usart_common_all.o)
 .debug_macro   0x0000000000002dee       0x94 /home/fdsoftware/repos/libopencm3//lib/libopencm3_stm32f1.a(usart_common_all.o)
 .debug_macro   0x0000000000002e82      0x29e /home/fdsoftware/repos/libopencm3//lib/libopencm3_stm32f1.a(usart_common_all.o)
 .debug_macro   0x0000000000003120       0xcf /home/fdsoftware/repos/libopencm3//lib/libopencm3_stm32f1.a(vector.o)
 .debug_macro   0x00000000000031ef      0x3a4 /home/fdsoftware/repos/libopencm3//lib/libopencm3_stm32f1.a(vector.o)
 .debug_macro   0x0000000000003593       0x6d /home/fdsoftware/repos/libopencm3//lib/libopencm3_stm32f1.a(vector.o)
 .debug_macro   0x0000000000003600      0x1a2 /home/fdsoftware/repos/libopencm3//lib/libopencm3_stm32f1.a(vector.o)
 .debug_macro   0x00000000000037a2       0xc0 /home/fdsoftware/repos/libopencm3//lib/libopencm3_stm32f1.a(flash_common_all.o)

.stab           0x0000000000000000       0x9c
 .stab          0x0000000000000000       0x24 /usr/lib/gcc/arm-none-eabi/9.1.0/../../../../arm-none-eabi/lib/thumb/v7-m/nofp/libnosys.a(close.o)
 .stab          0x0000000000000024       0x18 /usr/lib/gcc/arm-none-eabi/9.1.0/../../../../arm-none-eabi/lib/thumb/v7-m/nofp/libnosys.a(fstat.o)
                                         0x24 (size before relaxing)
 .stab          0x000000000000003c       0x18 /usr/lib/gcc/arm-none-eabi/9.1.0/../../../../arm-none-eabi/lib/thumb/v7-m/nofp/libnosys.a(isatty.o)
                                         0x24 (size before relaxing)
 .stab          0x0000000000000054       0x18 /usr/lib/gcc/arm-none-eabi/9.1.0/../../../../arm-none-eabi/lib/thumb/v7-m/nofp/libnosys.a(lseek.o)
                                         0x24 (size before relaxing)
 .stab          0x000000000000006c       0x18 /usr/lib/gcc/arm-none-eabi/9.1.0/../../../../arm-none-eabi/lib/thumb/v7-m/nofp/libnosys.a(read.o)
                                         0x24 (size before relaxing)
 .stab          0x0000000000000084       0x18 /usr/lib/gcc/arm-none-eabi/9.1.0/../../../../arm-none-eabi/lib/thumb/v7-m/nofp/libnosys.a(write.o)
                                         0x24 (size before relaxing)

.stabstr        0x0000000000000000      0x1b9
 .stabstr       0x0000000000000000      0x1b9 /usr/lib/gcc/arm-none-eabi/9.1.0/../../../../arm-none-eabi/lib/thumb/v7-m/nofp/libnosys.a(close.o)
