Archive member included to satisfy reference by file (symbol)

./libopencm3/lib/libopencm3_stm32f1.a(adc.o)
                              src/openefi.o (adc_power_on)
./libopencm3/lib/libopencm3_stm32f1.a(adc_common_v1.o)
                              src/openefi.o (adc_power_off)
./libopencm3/lib/libopencm3_stm32f1.a(desig_common_all.o)
                              src/openefi.o (desig_get_unique_id_as_string)
./libopencm3/lib/libopencm3_stm32f1.a(desig_common_v1.o)
                              ./libopencm3/lib/libopencm3_stm32f1.a(desig_common_all.o) (desig_get_unique_id)
./libopencm3/lib/libopencm3_stm32f1.a(exti_common_all.o)
                              src/openefi.o (exti_set_trigger)
./libopencm3/lib/libopencm3_stm32f1.a(gpio.o)
                              src/openefi.o (gpio_set_mode)
./libopencm3/lib/libopencm3_stm32f1.a(gpio_common_all.o)
                              src/openefi.o (gpio_set)
./libopencm3/lib/libopencm3_stm32f1.a(pwr_common_v1.o)
                              src/openefi.o (pwr_disable_backup_domain_write_protect)
./libopencm3/lib/libopencm3_stm32f1.a(rcc.o)
                              src/openefi.o (rcc_set_adcpre)
./libopencm3/lib/libopencm3_stm32f1.a(rcc_common_all.o)
                              src/openefi.o (rcc_peripheral_enable_clock)
./libopencm3/lib/libopencm3_stm32f1.a(timer_common_all.o)
                              src/openefi.o (timer_enable_irq)
./libopencm3/lib/libopencm3_stm32f1.a(usb.o)
                              src/openefi.o (usbd_init)
./libopencm3/lib/libopencm3_stm32f1.a(usb_control.o)
                              src/openefi.o (usbd_register_control_callback)
./libopencm3/lib/libopencm3_stm32f1.a(usb_standard.o)
                              src/openefi.o (usbd_register_set_config_callback)
./libopencm3/lib/libopencm3_stm32f1.a(st_usbfs_v1.o)
                              src/openefi.o (st_usbfs_v1_usb_driver)
./libopencm3/lib/libopencm3_stm32f1.a(vector.o)
                              (reset_handler)
./libopencm3/lib/libopencm3_stm32f1.a(systick.o)
                              src/openefi.o (systick_set_reload)
./libopencm3/lib/libopencm3_stm32f1.a(scb.o)
                              src/openefi.o (scb_reset_system)
./libopencm3/lib/libopencm3_stm32f1.a(nvic.o)
                              src/openefi.o (nvic_enable_irq)
./libopencm3/lib/libopencm3_stm32f1.a(assert.o)
                              ./libopencm3/lib/libopencm3_stm32f1.a(rcc.o) (cm3_assert_failed)
./libopencm3/lib/libopencm3_stm32f1.a(flash_common_all.o)
                              ./libopencm3/lib/libopencm3_stm32f1.a(rcc.o) (flash_set_ws)
./libopencm3/lib/libopencm3_stm32f1.a(st_usbfs_core.o)
                              ./libopencm3/lib/libopencm3_stm32f1.a(st_usbfs_v1.o) (st_usbfs_set_address)
/usr/lib/gcc/arm-none-eabi/9.3.0/../../../../arm-none-eabi/lib/thumb/v7-m/nofp/libc.a(lib_a-memcpy.o)
                              src/openefi.o (memcpy)
/usr/lib/gcc/arm-none-eabi/9.3.0/../../../../arm-none-eabi/lib/thumb/v7-m/nofp/libc.a(lib_a-memset.o)
                              src/openefi.o (memset)
/usr/lib/gcc/arm-none-eabi/9.3.0/../../../../arm-none-eabi/lib/thumb/v7-m/nofp/libc.a(lib_a-strlen-stub.o)
                              ./libopencm3/lib/libopencm3_stm32f1.a(usb_standard.o) (strlen)
/usr/lib/gcc/arm-none-eabi/9.3.0/thumb/v7-m/nofp/libgcc.a(_arm_muldf3.o)
                              src/openefi.o (__aeabi_dmul)
/usr/lib/gcc/arm-none-eabi/9.3.0/thumb/v7-m/nofp/libgcc.a(_arm_addsubdf3.o)
                              src/openefi.o (__aeabi_dsub)
/usr/lib/gcc/arm-none-eabi/9.3.0/thumb/v7-m/nofp/libgcc.a(_arm_muldivdf3.o)
                              src/openefi.o (__aeabi_ddiv)
/usr/lib/gcc/arm-none-eabi/9.3.0/thumb/v7-m/nofp/libgcc.a(_arm_fixunsdfsi.o)
                              src/openefi.o (__aeabi_d2uiz)
/usr/lib/gcc/arm-none-eabi/9.3.0/thumb/v7-m/nofp/libgcc.a(_arm_addsubsf3.o)
                              src/openefi.o (__aeabi_i2f)

Discarded input sections

 .text          0x0000000000000000        0x0 ./qfplib/qfplib-m3.o
 .data          0x0000000000000000        0x0 ./qfplib/qfplib-m3.o
 .bss           0x0000000000000000        0x0 ./qfplib/qfplib-m3.o
 .text.qfp.faddfsub
                0x0000000000000000      0x678 ./qfplib/qfplib-m3.o
 .text.qfp.fmul
                0x0000000000000000      0x150 ./qfplib/qfplib-m3.o
 .text.qfp.fdiv
                0x0000000000000000      0x1d0 ./qfplib/qfplib-m3.o
 .text.qfp.fsqrt
                0x0000000000000000      0x220 ./qfplib/qfplib-m3.o
 .text.qfp.fexp
                0x0000000000000000      0x3c0 ./qfplib/qfplib-m3.o
 .text.qfp.fsinfcos
                0x0000000000000000      0x6f8 ./qfplib/qfplib-m3.o
 .text.qfp.ftan
                0x0000000000000000      0x64c ./qfplib/qfplib-m3.o
 .text.qfp.fatan2
                0x0000000000000000      0xa58 ./qfplib/qfplib-m3.o
 .text          0x0000000000000000        0x0 src/openefi.o
 .data          0x0000000000000000        0x0 src/openefi.o
[...]
Memory Configuration

Name             Origin             Length             Attributes
rom              0x0000000008002000 0x0000000000020000 xr
ram              0x0000000020000000 0x0000000000005000 xrw
*default*        0x0000000000000000 0xffffffffffffffff

Linker script and memory map

LOAD ./qfplib/qfplib-m3.o
LOAD src/openefi.o
LOAD ./libopencm3/lib/libopencm3_stm32f1.a
START GROUP
LOAD /usr/lib/gcc/arm-none-eabi/9.3.0/../../../../arm-none-eabi/lib/thumb/v7-m/nofp/libc.a
LOAD /usr/lib/gcc/arm-none-eabi/9.3.0/thumb/v7-m/nofp/libgcc.a
LOAD /usr/lib/gcc/arm-none-eabi/9.3.0/../../../../arm-none-eabi/lib/thumb/v7-m/nofp/libnosys.a
END GROUP
START GROUP
LOAD /usr/lib/gcc/arm-none-eabi/9.3.0/thumb/v7-m/nofp/libgcc.a
LOAD /usr/lib/gcc/arm-none-eabi/9.3.0/../../../../arm-none-eabi/lib/thumb/v7-m/nofp/libc.a
END GROUP

.text           0x0000000008002000     0x3248
 *(.vectors)
 .vectors       0x0000000008002000      0x150 ./libopencm3/lib/libopencm3_stm32f1.a(vector.o)
                0x0000000008002000                vector_table
 *(.text*)
 .text.qfp.fln  0x0000000008002150      0x468 ./qfplib/qfplib-m3.o
                0x0000000008002354                qfp_fln
 .text.usb21_set_config
                0x00000000080025b8       0x10 src/openefi.o
 .text.webusb_set_config
                0x00000000080025c8       0x4c src/openefi.o
 .text.webusb_control_vendor_request
                0x0000000008002614       0x2c src/openefi.o
 .text.usb21_standard_get_descriptor
                0x0000000008002640       0xa4 src/openefi.o
 .text.sys_tick_handler
                0x00000000080026e4       0x2c src/openefi.o
                0x00000000080026e4                sys_tick_handler
 .text.utils_timer_setup
                0x0000000008002710       0x1c src/openefi.o
                0x0000000008002710                utils_timer_setup
 .text.usb21_setup
                0x000000000800272c       0x24 src/openefi.o
                0x000000000800272c                usb21_setup
 .text.usb_setup
                0x0000000008002750       0x54 src/openefi.o
                0x0000000008002750                usb_setup
 .text.rtc_backup_write
                0x00000000080027a4       0x38 src/openefi.o
                0x00000000080027a4                rtc_backup_write
 *fill*         0x00000000080027dc        0x4 
 .text.EMALowPassFilter
                0x00000000080027e0       0x58 src/openefi.o
                0x00000000080027e0                EMALowPassFilter
 .text.input_setup
                0x0000000008002838       0x20 src/openefi.o
                0x0000000008002838                input_setup
 .text.get_adc_data
                0x0000000008002858       0x40 src/openefi.o
                0x0000000008002858                get_adc_data
 .text.get_input.part.0
                0x0000000008002898       0x38 src/openefi.o
 .text.get_input
                0x00000000080028d0        0xc src/openefi.o
                0x00000000080028d0                get_input
 *fill*         0x00000000080028dc        0x4 
 .text.thermistor_get_temperature
                0x00000000080028e0       0x8c src/openefi.o
                0x00000000080028e0                thermistor_get_temperature
 .text.get_frame
                0x000000000800296c       0x30 src/openefi.o
                0x000000000800296c                get_frame
 .text.crc16    0x000000000800299c       0x2e src/openefi.o
                0x000000000800299c                crc16
 .text.send_message
                0x00000000080029ca       0x38 src/openefi.o
                0x00000000080029ca                send_message
 *fill*         0x0000000008002a02        0x2 
 .text.process_frame
                0x0000000008002a04      0x118 src/openefi.o
                0x0000000008002a04                process_frame
 .text.cdcacm_data_rx_cb
                0x0000000008002b1c       0x50 src/openefi.o
 .text.webusb_setup
                0x0000000008002b6c        0xc src/openefi.o
                0x0000000008002b6c                webusb_setup
 .text.tim2_isr
                0x0000000008002b78       0x58 src/openefi.o
                0x0000000008002b78                tim2_isr
 .text.tim3_isr
                0x0000000008002bd0       0x54 src/openefi.o
                0x0000000008002bd0                tim3_isr
 .text.new_iny_time
                0x0000000008002c24       0x2e src/openefi.o
                0x0000000008002c24                new_iny_time
 *fill*         0x0000000008002c52        0x2 
 .text.new_ecn_time
                0x0000000008002c54       0x2c src/openefi.o
                0x0000000008002c54                new_ecn_time
 .text.exti0_isr
                0x0000000008002c80       0x88 src/openefi.o
                0x0000000008002c80                exti0_isr
 .text.startup.main
                0x0000000008002d08      0x200 src/openefi.o
                0x0000000008002d08                main
 .text.adc_power_on
                0x0000000008002f08       0x10 ./libopencm3/lib/libopencm3_stm32f1.a(adc.o)
                0x0000000008002f08                adc_power_on
 .text.adc_start_conversion_direct
                0x0000000008002f18       0x10 ./libopencm3/lib/libopencm3_stm32f1.a(adc.o)
                0x0000000008002f18                adc_start_conversion_direct
 .text.adc_set_dual_mode
                0x0000000008002f28       0x10 ./libopencm3/lib/libopencm3_stm32f1.a(adc.o)
                0x0000000008002f28                adc_set_dual_mode
 .text.adc_enable_temperature_sensor
                0x0000000008002f38       0x10 ./libopencm3/lib/libopencm3_stm32f1.a(adc.o)
                0x0000000008002f38                adc_enable_temperature_sensor
 .text.adc_reset_calibration
                0x0000000008002f48       0x14 ./libopencm3/lib/libopencm3_stm32f1.a(adc.o)
                0x0000000008002f48                adc_reset_calibration
 .text.adc_calibrate_async
                0x0000000008002f5c        0xa ./libopencm3/lib/libopencm3_stm32f1.a(adc.o)
                0x0000000008002f5c                adc_calibrate_async
 .text.adc_is_calibrating
                0x0000000008002f66        0x8 ./libopencm3/lib/libopencm3_stm32f1.a(adc.o)
                0x0000000008002f66                adc_is_calibrating
 .text.adc_set_sample_time
                0x0000000008002f6e       0x38 ./libopencm3/lib/libopencm3_stm32f1.a(adc.o)
                0x0000000008002f6e                adc_set_sample_time
 .text.adc_power_off
                0x0000000008002fa6        0xa ./libopencm3/lib/libopencm3_stm32f1.a(adc_common_v1.o)
                0x0000000008002fa6                adc_power_off
 .text.adc_disable_scan_mode
                0x0000000008002fb0        0xa ./libopencm3/lib/libopencm3_stm32f1.a(adc_common_v1.o)
                0x0000000008002fb0                adc_disable_scan_mode
 .text.adc_set_right_aligned
                0x0000000008002fba        0xa ./libopencm3/lib/libopencm3_stm32f1.a(adc_common_v1.o)
                0x0000000008002fba                adc_set_right_aligned
 .text.adc_eoc  0x0000000008002fc4        0x8 ./libopencm3/lib/libopencm3_stm32f1.a(adc_common_v1.o)
                0x0000000008002fc4                adc_eoc
 .text.adc_read_regular
                0x0000000008002fcc        0x4 ./libopencm3/lib/libopencm3_stm32f1.a(adc_common_v1.o)
                0x0000000008002fcc                adc_read_regular
 .text.adc_set_single_conversion_mode
                0x0000000008002fd0        0xa ./libopencm3/lib/libopencm3_stm32f1.a(adc_common_v1.o)
                0x0000000008002fd0                adc_set_single_conversion_mode
 .text.adc_set_regular_sequence
                0x0000000008002fda       0x72 ./libopencm3/lib/libopencm3_stm32f1.a(adc_common_v1.o)
                0x0000000008002fda                adc_set_regular_sequence
 .text.desig_get_unique_id_as_string
                0x000000000800304c       0x70 ./libopencm3/lib/libopencm3_stm32f1.a(desig_common_all.o)
                0x000000000800304c                desig_get_unique_id_as_string
 .text.desig_get_unique_id
                0x00000000080030bc       0x20 ./libopencm3/lib/libopencm3_stm32f1.a(desig_common_v1.o)
                0x00000000080030bc                desig_get_unique_id
 .text.exti_set_trigger
                0x00000000080030dc       0x38 ./libopencm3/lib/libopencm3_stm32f1.a(exti_common_all.o)
                0x00000000080030dc                exti_set_trigger
 .text.exti_enable_request
                0x0000000008003114       0x14 ./libopencm3/lib/libopencm3_stm32f1.a(exti_common_all.o)
                0x0000000008003114                exti_enable_request
 .text.exti_reset_request
                0x0000000008003128        0xc ./libopencm3/lib/libopencm3_stm32f1.a(exti_common_all.o)
                0x0000000008003128                exti_reset_request
 .text.exti_select_source
                0x0000000008003134       0xa0 ./libopencm3/lib/libopencm3_stm32f1.a(exti_common_all.o)
                0x0000000008003134                exti_select_source
 .text.gpio_set_mode
                0x00000000080031d4       0x5e ./libopencm3/lib/libopencm3_stm32f1.a(gpio.o)
                0x00000000080031d4                gpio_set_mode
 .text.gpio_set
                0x0000000008003232        0x4 ./libopencm3/lib/libopencm3_stm32f1.a(gpio_common_all.o)
                0x0000000008003232                gpio_set
 .text.gpio_clear
                0x0000000008003236        0x6 ./libopencm3/lib/libopencm3_stm32f1.a(gpio_common_all.o)
                0x0000000008003236                gpio_clear
 .text.gpio_toggle
                0x000000000800323c       0x12 ./libopencm3/lib/libopencm3_stm32f1.a(gpio_common_all.o)
                0x000000000800323c                gpio_toggle
 *fill*         0x000000000800324e        0x2 
 .text.pwr_disable_backup_domain_write_protect
                0x0000000008003250       0x10 ./libopencm3/lib/libopencm3_stm32f1.a(pwr_common_v1.o)
                0x0000000008003250                pwr_disable_backup_domain_write_protect
 .text.pwr_enable_backup_domain_write_protect
                0x0000000008003260       0x10 ./libopencm3/lib/libopencm3_stm32f1.a(pwr_common_v1.o)
                0x0000000008003260                pwr_enable_backup_domain_write_protect
 .text.rcc_osc_on.part.0
                0x0000000008003270       0x10 ./libopencm3/lib/libopencm3_stm32f1.a(rcc.o)
 .text.rcc_is_osc_ready
                0x0000000008003280       0x5c ./libopencm3/lib/libopencm3_stm32f1.a(rcc.o)
                0x0000000008003280                rcc_is_osc_ready
 .text.rcc_wait_for_osc_ready
                0x00000000080032dc       0x10 ./libopencm3/lib/libopencm3_stm32f1.a(rcc.o)
                0x00000000080032dc                rcc_wait_for_osc_ready
 .text.rcc_osc_on
                0x00000000080032ec       0x54 ./libopencm3/lib/libopencm3_stm32f1.a(rcc.o)
                0x00000000080032ec                rcc_osc_on
 .text.rcc_set_sysclk_source
                0x0000000008003340       0x14 ./libopencm3/lib/libopencm3_stm32f1.a(rcc.o)
                0x0000000008003340                rcc_set_sysclk_source
 .text.rcc_set_pll_multiplication_factor
                0x0000000008003354       0x14 ./libopencm3/lib/libopencm3_stm32f1.a(rcc.o)
                0x0000000008003354                rcc_set_pll_multiplication_factor
 .text.rcc_set_pll_source
                0x0000000008003368       0x14 ./libopencm3/lib/libopencm3_stm32f1.a(rcc.o)
                0x0000000008003368                rcc_set_pll_source
 .text.rcc_set_pllxtpre
                0x000000000800337c       0x14 ./libopencm3/lib/libopencm3_stm32f1.a(rcc.o)
                0x000000000800337c                rcc_set_pllxtpre
 .text.rcc_set_adcpre
                0x0000000008003390       0x14 ./libopencm3/lib/libopencm3_stm32f1.a(rcc.o)
                0x0000000008003390                rcc_set_adcpre
 .text.rcc_set_ppre2
                0x00000000080033a4       0x14 ./libopencm3/lib/libopencm3_stm32f1.a(rcc.o)
                0x00000000080033a4                rcc_set_ppre2
 .text.rcc_set_ppre1
                0x00000000080033b8       0x14 ./libopencm3/lib/libopencm3_stm32f1.a(rcc.o)
                0x00000000080033b8                rcc_set_ppre1
 .text.rcc_set_hpre
                0x00000000080033cc       0x14 ./libopencm3/lib/libopencm3_stm32f1.a(rcc.o)
                0x00000000080033cc                rcc_set_hpre
 .text.rcc_clock_setup_in_hse_8mhz_out_72mhz
                0x00000000080033e0       0x8c ./libopencm3/lib/libopencm3_stm32f1.a(rcc.o)
                0x00000000080033e0                rcc_clock_setup_in_hse_8mhz_out_72mhz
 .text.rcc_peripheral_enable_clock
                0x000000000800346c        0x8 ./libopencm3/lib/libopencm3_stm32f1.a(rcc_common_all.o)
                0x000000000800346c                rcc_peripheral_enable_clock
 .text.rcc_peripheral_reset
                0x0000000008003474        0x8 ./libopencm3/lib/libopencm3_stm32f1.a(rcc_common_all.o)
                0x0000000008003474                rcc_peripheral_reset
 .text.rcc_peripheral_clear_reset
                0x000000000800347c        0xa ./libopencm3/lib/libopencm3_stm32f1.a(rcc_common_all.o)
                0x000000000800347c                rcc_peripheral_clear_reset
 .text.rcc_periph_clock_enable
                0x0000000008003486       0x1c ./libopencm3/lib/libopencm3_stm32f1.a(rcc_common_all.o)
                0x0000000008003486                rcc_periph_clock_enable
 .text.rcc_periph_reset_pulse
                0x00000000080034a2       0x24 ./libopencm3/lib/libopencm3_stm32f1.a(rcc_common_all.o)
                0x00000000080034a2                rcc_periph_reset_pulse
 .text.timer_enable_irq
                0x00000000080034c6        0x8 ./libopencm3/lib/libopencm3_stm32f1.a(timer_common_all.o)
                0x00000000080034c6                timer_enable_irq
 .text.timer_disable_irq
                0x00000000080034ce        0xa ./libopencm3/lib/libopencm3_stm32f1.a(timer_common_all.o)
                0x00000000080034ce                timer_disable_irq
 .text.timer_get_flag
                0x00000000080034d8        0xc ./libopencm3/lib/libopencm3_stm32f1.a(timer_common_all.o)
                0x00000000080034d8                timer_get_flag
 .text.timer_clear_flag
                0x00000000080034e4        0x6 ./libopencm3/lib/libopencm3_stm32f1.a(timer_common_all.o)
                0x00000000080034e4                timer_clear_flag
 .text.timer_set_mode
                0x00000000080034ea       0x12 ./libopencm3/lib/libopencm3_stm32f1.a(timer_common_all.o)
                0x00000000080034ea                timer_set_mode
 .text.timer_disable_preload
                0x00000000080034fc        0xa ./libopencm3/lib/libopencm3_stm32f1.a(timer_common_all.o)
                0x00000000080034fc                timer_disable_preload
 .text.timer_continuous_mode
                0x0000000008003506        0xa ./libopencm3/lib/libopencm3_stm32f1.a(timer_common_all.o)
                0x0000000008003506                timer_continuous_mode
 .text.timer_enable_counter
                0x0000000008003510        0xa ./libopencm3/lib/libopencm3_stm32f1.a(timer_common_all.o)
                0x0000000008003510                timer_enable_counter
 .text.timer_disable_counter
                0x000000000800351a        0xa ./libopencm3/lib/libopencm3_stm32f1.a(timer_common_all.o)
                0x000000000800351a                timer_disable_counter
 .text.timer_set_prescaler
                0x0000000008003524        0x4 ./libopencm3/lib/libopencm3_stm32f1.a(timer_common_all.o)
                0x0000000008003524                timer_set_prescaler
 .text.timer_set_period
                0x0000000008003528        0x4 ./libopencm3/lib/libopencm3_stm32f1.a(timer_common_all.o)
                0x0000000008003528                timer_set_period
 .text.timer_set_oc_value
                0x000000000800352c       0x20 ./libopencm3/lib/libopencm3_stm32f1.a(timer_common_all.o)
                0x000000000800352c                timer_set_oc_value
 .text.timer_get_counter
                0x000000000800354c        0x4 ./libopencm3/lib/libopencm3_stm32f1.a(timer_common_all.o)
                0x000000000800354c                timer_get_counter
 .text.usbd_init
                0x0000000008003550       0x50 ./libopencm3/lib/libopencm3_stm32f1.a(usb.o)
                0x0000000008003550                usbd_init
 .text.usbd_poll
                0x00000000080035a0        0x8 ./libopencm3/lib/libopencm3_stm32f1.a(usb.o)
                0x00000000080035a0                usbd_poll
 .text.usbd_ep_setup
                0x00000000080035a8        0xe ./libopencm3/lib/libopencm3_stm32f1.a(usb.o)
                0x00000000080035a8                usbd_ep_setup
 .text._usbd_reset
                0x00000000080035b6       0x32 ./libopencm3/lib/libopencm3_stm32f1.a(usb.o)
                0x00000000080035b6                _usbd_reset
 .text.usbd_ep_write_packet
                0x00000000080035e8        0xe ./libopencm3/lib/libopencm3_stm32f1.a(usb.o)
                0x00000000080035e8                usbd_ep_write_packet
 .text.usbd_ep_read_packet
                0x00000000080035f6        0xe ./libopencm3/lib/libopencm3_stm32f1.a(usb.o)
                0x00000000080035f6                usbd_ep_read_packet
 .text.usbd_ep_stall_set
                0x0000000008003604        0x8 ./libopencm3/lib/libopencm3_stm32f1.a(usb.o)
                0x0000000008003604                usbd_ep_stall_set
 .text.usbd_ep_stall_get
                0x000000000800360c        0x8 ./libopencm3/lib/libopencm3_stm32f1.a(usb.o)
                0x000000000800360c                usbd_ep_stall_get
 .text.usbd_ep_nak_set
                0x0000000008003614        0x8 ./libopencm3/lib/libopencm3_stm32f1.a(usb.o)
                0x0000000008003614                usbd_ep_nak_set
 .text.usb_control_send_chunk
                0x000000000800361c       0x52 ./libopencm3/lib/libopencm3_stm32f1.a(usb_control.o)
 .text.usb_control_request_dispatch
                0x000000000800366e       0x60 ./libopencm3/lib/libopencm3_stm32f1.a(usb_control.o)
 .text.stall_transaction
                0x00000000080036ce       0x14 ./libopencm3/lib/libopencm3_stm32f1.a(usb_control.o)
 .text.usb_control_recv_chunk
                0x00000000080036e2       0x3c ./libopencm3/lib/libopencm3_stm32f1.a(usb_control.o)
 .text.usb_control_setup_read
                0x000000000800371e       0x66 ./libopencm3/lib/libopencm3_stm32f1.a(usb_control.o)
 .text.usbd_register_control_callback
                0x0000000008003784       0x2c ./libopencm3/lib/libopencm3_stm32f1.a(usb_control.o)
                0x0000000008003784                usbd_register_control_callback
 .text._usbd_control_setup
                0x00000000080037b0       0x60 ./libopencm3/lib/libopencm3_stm32f1.a(usb_control.o)
                0x00000000080037b0                _usbd_control_setup
 .text._usbd_control_out
                0x0000000008003810       0x82 ./libopencm3/lib/libopencm3_stm32f1.a(usb_control.o)
                0x0000000008003810                _usbd_control_out
 .text._usbd_control_in
                0x0000000008003892       0x64 ./libopencm3/lib/libopencm3_stm32f1.a(usb_control.o)
                0x0000000008003892                _usbd_control_in
 .text.usb_standard_set_address
                0x00000000080038f6       0x2a ./libopencm3/lib/libopencm3_stm32f1.a(usb_standard.o)
 .text.usb_standard_set_configuration
                0x0000000008003920       0x92 ./libopencm3/lib/libopencm3_stm32f1.a(usb_standard.o)
 .text.usb_standard_get_configuration
                0x00000000080039b2       0x22 ./libopencm3/lib/libopencm3_stm32f1.a(usb_standard.o)
 .text.usb_standard_get_interface
                0x00000000080039d4       0x34 ./libopencm3/lib/libopencm3_stm32f1.a(usb_standard.o)
 .text.usb_standard_device_get_status
                0x0000000008003a08       0x18 ./libopencm3/lib/libopencm3_stm32f1.a(usb_standard.o)
 .text.usb_standard_endpoint_get_status
                0x0000000008003a20       0x2a ./libopencm3/lib/libopencm3_stm32f1.a(usb_standard.o)
 .text.usb_standard_endpoint_stall
                0x0000000008003a4a       0x10 ./libopencm3/lib/libopencm3_stm32f1.a(usb_standard.o)
 .text.usb_standard_endpoint_unstall
                0x0000000008003a5a       0x10 ./libopencm3/lib/libopencm3_stm32f1.a(usb_standard.o)
 .text.usb_standard_set_interface
                0x0000000008003a6a       0x50 ./libopencm3/lib/libopencm3_stm32f1.a(usb_standard.o)
 .text.usb_standard_get_descriptor
                0x0000000008003aba      0x26a ./libopencm3/lib/libopencm3_stm32f1.a(usb_standard.o)
 .text.usb_standard_interface_get_status
                0x0000000008003d24       0x18 ./libopencm3/lib/libopencm3_stm32f1.a(usb_standard.o)
 .text.usbd_register_set_config_callback
                0x0000000008003d3c       0x2c ./libopencm3/lib/libopencm3_stm32f1.a(usb_standard.o)
                0x0000000008003d3c                usbd_register_set_config_callback
 .text._usbd_standard_request_device
                0x0000000008003d68       0x48 ./libopencm3/lib/libopencm3_stm32f1.a(usb_standard.o)
                0x0000000008003d68                _usbd_standard_request_device
 .text._usbd_standard_request_interface
                0x0000000008003db0       0x30 ./libopencm3/lib/libopencm3_stm32f1.a(usb_standard.o)
                0x0000000008003db0                _usbd_standard_request_interface
 .text._usbd_standard_request_endpoint
                0x0000000008003de0       0x3c ./libopencm3/lib/libopencm3_stm32f1.a(usb_standard.o)
                0x0000000008003de0                _usbd_standard_request_endpoint
 .text._usbd_standard_request
                0x0000000008003e1c       0x30 ./libopencm3/lib/libopencm3_stm32f1.a(usb_standard.o)
                0x0000000008003e1c                _usbd_standard_request
 .text.st_usbfs_v1_usbd_init
                0x0000000008003e4c       0x30 ./libopencm3/lib/libopencm3_stm32f1.a(st_usbfs_v1.o)
 .text.st_usbfs_copy_to_pm
                0x0000000008003e7c       0x18 ./libopencm3/lib/libopencm3_stm32f1.a(st_usbfs_v1.o)
                0x0000000008003e7c                st_usbfs_copy_to_pm
 .text.st_usbfs_copy_from_pm
                0x0000000008003e94       0x26 ./libopencm3/lib/libopencm3_stm32f1.a(st_usbfs_v1.o)
                0x0000000008003e94                st_usbfs_copy_from_pm
 .text.blocking_handler
                0x0000000008003eba        0x2 ./libopencm3/lib/libopencm3_stm32f1.a(vector.o)
                0x0000000008003eba                usart3_isr
                0x0000000008003eba                rtc_isr
                0x0000000008003eba                tim7_isr
                0x0000000008003eba                adc1_2_isr
                0x0000000008003eba                tim1_trg_com_isr
                0x0000000008003eba                usb_hp_can_tx_isr
                0x0000000008003eba                tim6_isr
                0x0000000008003eba                usb_wakeup_isr
                0x0000000008003eba                blocking_handler
                0x0000000008003eba                tim5_isr
                0x0000000008003eba                otg_fs_isr
                0x0000000008003eba                spi1_isr
                0x0000000008003eba                exti2_isr
                0x0000000008003eba                dma1_channel6_isr
                0x0000000008003eba                can_rx1_isr
                0x0000000008003eba                dma1_channel5_isr
                0x0000000008003eba                dma2_channel5_isr
                0x0000000008003eba                usart1_isr
                0x0000000008003eba                usage_fault_handler
                0x0000000008003eba                tim8_trg_com_isr
                0x0000000008003eba                can2_rx0_isr
                0x0000000008003eba                tim1_brk_isr
                0x0000000008003eba                can2_rx1_isr
                0x0000000008003eba                tim1_cc_isr
                0x0000000008003eba                sdio_isr
                0x0000000008003eba                eth_isr
                0x0000000008003eba                dma1_channel4_isr
                0x0000000008003eba                tim8_brk_isr
                0x0000000008003eba                dma2_channel4_5_isr
                0x0000000008003eba                pvd_isr
                0x0000000008003eba                rcc_isr
                0x0000000008003eba                flash_isr
                0x0000000008003eba                uart4_isr
                0x0000000008003eba                rtc_alarm_isr
                0x0000000008003eba                exti15_10_isr
                0x0000000008003eba                hard_fault_handler
                0x0000000008003eba                exti1_isr
                0x0000000008003eba                i2c1_ev_isr
                0x0000000008003eba                dma2_channel1_isr
                0x0000000008003eba                spi2_isr
                0x0000000008003eba                tim8_up_isr
                0x0000000008003eba                dma2_channel2_isr
                0x0000000008003eba                exti3_isr
                0x0000000008003eba                adc3_isr
                0x0000000008003eba                usart2_isr
                0x0000000008003eba                usb_lp_can_rx0_isr
                0x0000000008003eba                i2c2_er_isr
                0x0000000008003eba                i2c2_ev_isr
                0x0000000008003eba                uart5_isr
                0x0000000008003eba                fsmc_isr
                0x0000000008003eba                dma1_channel1_isr
                0x0000000008003eba                exti4_isr
                0x0000000008003eba                mem_manage_handler
                0x0000000008003eba                can2_tx_isr
                0x0000000008003eba                exti9_5_isr
                0x0000000008003eba                dma2_channel3_isr
                0x0000000008003eba                dma1_channel7_isr
                0x0000000008003eba                tim1_up_isr
                0x0000000008003eba                can2_sce_isr
                0x0000000008003eba                tim4_isr
                0x0000000008003eba                dma1_channel2_isr
                0x0000000008003eba                i2c1_er_isr
                0x0000000008003eba                can_sce_isr
                0x0000000008003eba                tim8_cc_isr
                0x0000000008003eba                tamper_isr
                0x0000000008003eba                eth_wkup_isr
                0x0000000008003eba                bus_fault_handler
                0x0000000008003eba                wwdg_isr
                0x0000000008003eba                dma1_channel3_isr
                0x0000000008003eba                spi3_isr
 .text.null_handler
                0x0000000008003ebc        0x2 ./libopencm3/lib/libopencm3_stm32f1.a(vector.o)
                0x0000000008003ebc                null_handler
                0x0000000008003ebc                sv_call_handler
                0x0000000008003ebc                pend_sv_handler
                0x0000000008003ebc                debug_monitor_handler
                0x0000000008003ebc                nmi_handler
 *fill*         0x0000000008003ebe        0x2 
 .text.reset_handler
                0x0000000008003ec0       0x90 ./libopencm3/lib/libopencm3_stm32f1.a(vector.o)
                0x0000000008003ec0                reset_handler
 .text.systick_set_reload
                0x0000000008003f50       0x10 ./libopencm3/lib/libopencm3_stm32f1.a(systick.o)
                0x0000000008003f50                systick_set_reload
 .text.systick_set_clocksource
                0x0000000008003f60       0x18 ./libopencm3/lib/libopencm3_stm32f1.a(systick.o)
                0x0000000008003f60                systick_set_clocksource
 .text.systick_interrupt_enable
                0x0000000008003f78       0x10 ./libopencm3/lib/libopencm3_stm32f1.a(systick.o)
                0x0000000008003f78                systick_interrupt_enable
 .text.systick_counter_enable
                0x0000000008003f88       0x10 ./libopencm3/lib/libopencm3_stm32f1.a(systick.o)
                0x0000000008003f88                systick_counter_enable
 .text.scb_reset_system
                0x0000000008003f98       0x10 ./libopencm3/lib/libopencm3_stm32f1.a(scb.o)
                0x0000000008003f98                scb_reset_system
 .text.nvic_enable_irq
                0x0000000008003fa8       0x1a ./libopencm3/lib/libopencm3_stm32f1.a(nvic.o)
                0x0000000008003fa8                nvic_enable_irq
 *fill*         0x0000000008003fc2        0x2 
 .text.flash_set_ws
                0x0000000008003fc4       0x14 ./libopencm3/lib/libopencm3_stm32f1.a(flash_common_all.o)
                0x0000000008003fc4                flash_set_ws
 .text.st_usbfs_set_address
                0x0000000008003fd8       0x10 ./libopencm3/lib/libopencm3_stm32f1.a(st_usbfs_core.o)
                0x0000000008003fd8                st_usbfs_set_address
 .text.st_usbfs_set_ep_rx_bufsize
                0x0000000008003fe8       0x40 ./libopencm3/lib/libopencm3_stm32f1.a(st_usbfs_core.o)
                0x0000000008003fe8                st_usbfs_set_ep_rx_bufsize
 .text.st_usbfs_ep_setup
                0x0000000008004028      0x124 ./libopencm3/lib/libopencm3_stm32f1.a(st_usbfs_core.o)
                0x0000000008004028                st_usbfs_ep_setup
 .text.st_usbfs_endpoints_reset
                0x000000000800414c       0x44 ./libopencm3/lib/libopencm3_stm32f1.a(st_usbfs_core.o)
                0x000000000800414c                st_usbfs_endpoints_reset
 .text.st_usbfs_ep_stall_set
                0x0000000008004190       0xc0 ./libopencm3/lib/libopencm3_stm32f1.a(st_usbfs_core.o)
                0x0000000008004190                st_usbfs_ep_stall_set
 .text.st_usbfs_ep_stall_get
                0x0000000008004250       0x38 ./libopencm3/lib/libopencm3_stm32f1.a(st_usbfs_core.o)
                0x0000000008004250                st_usbfs_ep_stall_get
 .text.st_usbfs_ep_nak_set
                0x0000000008004288       0x3c ./libopencm3/lib/libopencm3_stm32f1.a(st_usbfs_core.o)
                0x0000000008004288                st_usbfs_ep_nak_set
 .text.st_usbfs_ep_write_packet
                0x00000000080042c4       0x80 ./libopencm3/lib/libopencm3_stm32f1.a(st_usbfs_core.o)
                0x00000000080042c4                st_usbfs_ep_write_packet
 .text.st_usbfs_ep_read_packet
                0x0000000008004344       0xac ./libopencm3/lib/libopencm3_stm32f1.a(st_usbfs_core.o)
                0x0000000008004344                st_usbfs_ep_read_packet
 .text.st_usbfs_poll
                0x00000000080043f0       0xe8 ./libopencm3/lib/libopencm3_stm32f1.a(st_usbfs_core.o)
                0x00000000080043f0                st_usbfs_poll
 .text          0x00000000080044d8       0xec /usr/lib/gcc/arm-none-eabi/9.3.0/../../../../arm-none-eabi/lib/thumb/v7-m/nofp/libc.a(lib_a-memcpy.o)
                0x00000000080044d8                memcpy
 .text.memset   0x00000000080045c4       0xa0 /usr/lib/gcc/arm-none-eabi/9.3.0/../../../../arm-none-eabi/lib/thumb/v7-m/nofp/libc.a(lib_a-memset.o)
                0x00000000080045c4                memset
 .text.strlen   0x0000000008004664       0x5c /usr/lib/gcc/arm-none-eabi/9.3.0/../../../../arm-none-eabi/lib/thumb/v7-m/nofp/libc.a(lib_a-strlen-stub.o)
                0x0000000008004664                strlen
 .text          0x00000000080046c0      0x378 /usr/lib/gcc/arm-none-eabi/9.3.0/thumb/v7-m/nofp/libgcc.a(_arm_addsubdf3.o)
                0x00000000080046c0                __aeabi_drsub
                0x00000000080046c8                __aeabi_dsub
                0x00000000080046c8                __subdf3
                0x00000000080046cc                __adddf3
                0x00000000080046cc                __aeabi_dadd
                0x0000000008004944                __aeabi_ui2d
                0x0000000008004944                __floatunsidf
                0x0000000008004964                __floatsidf
                0x0000000008004964                __aeabi_i2d
                0x0000000008004988                __extendsfdf2
                0x0000000008004988                __aeabi_f2d
                0x00000000080049cc                __aeabi_ul2d
                0x00000000080049cc                __floatundidf
                0x00000000080049dc                __floatdidf
                0x00000000080049dc                __aeabi_l2d
 .text          0x0000000008004a38      0x424 /usr/lib/gcc/arm-none-eabi/9.3.0/thumb/v7-m/nofp/libgcc.a(_arm_muldivdf3.o)
                0x0000000008004a38                __aeabi_dmul
                0x0000000008004a38                __muldf3
                0x0000000008004c8c                __aeabi_ddiv
                0x0000000008004c8c                __divdf3
 .text          0x0000000008004e5c       0x40 /usr/lib/gcc/arm-none-eabi/9.3.0/thumb/v7-m/nofp/libgcc.a(_arm_fixunsdfsi.o)
                0x0000000008004e5c                __fixunsdfsi
                0x0000000008004e5c                __aeabi_d2uiz
 .text          0x0000000008004e9c      0x21c /usr/lib/gcc/arm-none-eabi/9.3.0/thumb/v7-m/nofp/libgcc.a(_arm_addsubsf3.o)
                0x0000000008004e9c                __aeabi_frsub
                0x0000000008004ea4                __subsf3
                0x0000000008004ea4                __aeabi_fsub
                0x0000000008004ea8                __aeabi_fadd
                0x0000000008004ea8                __addsf3
                0x0000000008005008                __aeabi_ui2f
                0x0000000008005008                __floatunsisf
                0x0000000008005010                __aeabi_i2f
                0x0000000008005010                __floatsisf
                0x000000000800502c                __floatundisf
                0x000000000800502c                __aeabi_ul2f
                0x000000000800503c                __floatdisf
                0x000000000800503c                __aeabi_l2f
                0x00000000080050b8                . = ALIGN (0x4)
 *(.rodata*)
 .rodata.str1.1
                0x00000000080050b8       0x2d src/openefi.o
 *fill*         0x00000000080050e5        0x1 
 .rodata        0x00000000080050e6       0x80 src/openefi.o
 .rodata.bos_descriptor
                0x0000000008005166        0x9 src/openefi.o
 .rodata.config
                0x000000000800516f        0xd src/openefi.o
 .rodata.data_endp
                0x000000000800517c       0x1e src/openefi.o
 .rodata.data_iface
                0x000000000800519a       0x15 src/openefi.o
 .rodata.dev    0x00000000080051af       0x12 src/openefi.o
 *fill*         0x00000000080051c1        0x3 
 .rodata.interfaces
                0x00000000080051c4       0x10 src/openefi.o
 .rodata.landing_url_descriptor
                0x00000000080051d4       0x16 src/openefi.o
 .rodata.webusb_platform
                0x00000000080051ea       0x18 src/openefi.o
                0x00000000080051ea                webusb_platform
 .rodata.desig_get_unique_id_as_string.str1.1
                0x0000000008005202       0x11 ./libopencm3/lib/libopencm3_stm32f1.a(desig_common_all.o)
 *fill*         0x0000000008005213        0x1 
 .rodata.st_usbfs_v1_usb_driver
                0x0000000008005214       0x34 ./libopencm3/lib/libopencm3_stm32f1.a(st_usbfs_v1.o)
                0x0000000008005214                st_usbfs_v1_usb_driver
                0x0000000008005248                . = ALIGN (0x4)

.glue_7         0x0000000008005248        0x0
 .glue_7        0x0000000008005248        0x0 linker stubs

.glue_7t        0x0000000008005248        0x0
 .glue_7t       0x0000000008005248        0x0 linker stubs

.vfp11_veneer   0x0000000008005248        0x0
 .vfp11_veneer  0x0000000008005248        0x0 linker stubs

.v4_bx          0x0000000008005248        0x0
 .v4_bx         0x0000000008005248        0x0 linker stubs

.iplt           0x0000000008005248        0x0
 .iplt          0x0000000008005248        0x0 src/openefi.o

.rel.dyn        0x0000000008005248        0x0
 .rel.iplt      0x0000000008005248        0x0 src/openefi.o

.preinit_array  0x0000000008005248        0x0
                0x0000000008005248                . = ALIGN (0x4)
                0x0000000008005248                __preinit_array_start = .
 *(.preinit_array)
                0x0000000008005248                __preinit_array_end = .

.init_array     0x0000000008005248        0x0
                0x0000000008005248                . = ALIGN (0x4)
                0x0000000008005248                __init_array_start = .
 *(SORT_BY_NAME(.init_array.*))
 *(.init_array)
                0x0000000008005248                __init_array_end = .

.fini_array     0x0000000008005248        0x0
                0x0000000008005248                . = ALIGN (0x4)
                0x0000000008005248                __fini_array_start = .
 *(.fini_array)
 *(SORT_BY_NAME(.fini_array.*))
                0x0000000008005248                __fini_array_end = .

.ARM.extab
 *(.ARM.extab*)

.ARM.exidx      0x0000000008005248        0x0
                0x0000000008005248                __exidx_start = .
 *(.ARM.exidx*)
                0x0000000008005248                __exidx_end = .
                0x0000000008005248                . = ALIGN (0x4)
                0x0000000008005248                _etext = .

.data           0x0000000020000000       0x3c load address 0x0000000008005248
                0x0000000020000000                _data = .
 *(.data*)
 .data.capabilities
                0x0000000020000000        0x4 src/openefi.o
 .data.myPWM    0x0000000020000004       0x1c src/openefi.o
                0x0000000020000004                myPWM
 .data.usb_strings
                0x0000000020000020       0x10 src/openefi.o
 .data.rcc_ahb_frequency
                0x0000000020000030        0x4 ./libopencm3/lib/libopencm3_stm32f1.a(rcc.o)
                0x0000000020000030                rcc_ahb_frequency
 .data.rcc_apb1_frequency
                0x0000000020000034        0x4 ./libopencm3/lib/libopencm3_stm32f1.a(rcc.o)
                0x0000000020000034                rcc_apb1_frequency
 .data.rcc_apb2_frequency
                0x0000000020000038        0x4 ./libopencm3/lib/libopencm3_stm32f1.a(rcc.o)
                0x0000000020000038                rcc_apb2_frequency
                0x000000002000003c                . = ALIGN (0x4)
                0x000000002000003c                _edata = .
                0x0000000008005248                _data_loadaddr = LOADADDR (.data)

.igot.plt       0x000000002000003c        0x0 load address 0x0000000008005284
 .igot.plt      0x000000002000003c        0x0 src/openefi.o

.bss            0x0000000020000040      0x5f8 load address 0x0000000008005284
 *(.bss*)
 .bss.Time      0x0000000020000040       0x10 src/openefi.o
                0x0000000020000040                Time
 .bss.buffLength
                0x0000000020000050        0x4 src/openefi.o
                0x0000000020000050                buffLength
 .bss.frameBuffer
                0x0000000020000054       0x80 src/openefi.o
                0x0000000020000054                frameBuffer
 .bss.inputs    0x00000000200000d4       0x40 src/openefi.o
                0x00000000200000d4                inputs
 .bss.serial_number
                0x0000000020000114       0x19 src/openefi.o
 *fill*         0x000000002000012d        0x3 
 .bss.usb21_bos
                0x0000000020000130        0x4 src/openefi.o
 .bss.usbd_control_buffer
                0x0000000020000134      0x400 src/openefi.o
 .bss.st_usbfs_dev
                0x0000000020000534       0xfc ./libopencm3/lib/libopencm3_stm32f1.a(st_usbfs_core.o)
                0x0000000020000534                st_usbfs_dev
 .bss.st_usbfs_force_nak
                0x0000000020000630        0x8 ./libopencm3/lib/libopencm3_stm32f1.a(st_usbfs_core.o)
                0x0000000020000630                st_usbfs_force_nak
 *(COMMON)
                0x0000000020000638                . = ALIGN (0x4)
                0x0000000020000638                _ebss = .

/DISCARD/
 *(.eh_frame)
                0x0000000020000638                . = ALIGN (0x4)
                0x0000000020000638                end = .
                0x0000000020005000                PROVIDE (_stack = (ORIGIN (ram) + LENGTH (ram)))
OUTPUT(bin/openefi.elf elf32-littlearm)
LOAD linker stubs

.ARM.attributes
                0x0000000000000000       0x2f
 .ARM.attributes
                0x0000000000000000       0x21 ./qfplib/qfplib-m3.o
 .ARM.attributes
                0x0000000000000021       0x2d src/openefi.o
 .ARM.attributes
                0x000000000000004e       0x2d ./libopencm3/lib/libopencm3_stm32f1.a(adc.o)
 .ARM.attributes
                0x000000000000007b       0x2d ./libopencm3/lib/libopencm3_stm32f1.a(adc_common_v1.o)
 .ARM.attributes
                0x00000000000000a8       0x2d ./libopencm3/lib/libopencm3_stm32f1.a(desig_common_all.o)
 .ARM.attributes
                0x00000000000000d5       0x2d ./libopencm3/lib/libopencm3_stm32f1.a(desig_common_v1.o)
 .ARM.attributes
                0x0000000000000102       0x2d ./libopencm3/lib/libopencm3_stm32f1.a(exti_common_all.o)
 .ARM.attributes
                0x000000000000012f       0x2d ./libopencm3/lib/libopencm3_stm32f1.a(gpio.o)
 .ARM.attributes
                0x000000000000015c       0x2d ./libopencm3/lib/libopencm3_stm32f1.a(gpio_common_all.o)
 .ARM.attributes
                0x0000000000000189       0x2d ./libopencm3/lib/libopencm3_stm32f1.a(pwr_common_v1.o)
 .ARM.attributes
                0x00000000000001b6       0x2d ./libopencm3/lib/libopencm3_stm32f1.a(rcc.o)
 .ARM.attributes
                0x00000000000001e3       0x2d ./libopencm3/lib/libopencm3_stm32f1.a(rcc_common_all.o)
 .ARM.attributes
                0x0000000000000210       0x2d ./libopencm3/lib/libopencm3_stm32f1.a(timer_common_all.o)
 .ARM.attributes
                0x000000000000023d       0x2d ./libopencm3/lib/libopencm3_stm32f1.a(usb.o)
 .ARM.attributes
                0x000000000000026a       0x2d ./libopencm3/lib/libopencm3_stm32f1.a(usb_control.o)
 .ARM.attributes
                0x0000000000000297       0x2d ./libopencm3/lib/libopencm3_stm32f1.a(usb_standard.o)
 .ARM.attributes
                0x00000000000002c4       0x2d ./libopencm3/lib/libopencm3_stm32f1.a(st_usbfs_v1.o)
 .ARM.attributes
                0x00000000000002f1       0x2d ./libopencm3/lib/libopencm3_stm32f1.a(vector.o)
 .ARM.attributes
                0x000000000000031e       0x2d ./libopencm3/lib/libopencm3_stm32f1.a(systick.o)
 .ARM.attributes
                0x000000000000034b       0x2d ./libopencm3/lib/libopencm3_stm32f1.a(scb.o)
 .ARM.attributes
                0x0000000000000378       0x2d ./libopencm3/lib/libopencm3_stm32f1.a(nvic.o)
 .ARM.attributes
                0x00000000000003a5       0x2d ./libopencm3/lib/libopencm3_stm32f1.a(flash_common_all.o)
 .ARM.attributes
                0x00000000000003d2       0x2d ./libopencm3/lib/libopencm3_stm32f1.a(st_usbfs_core.o)
 .ARM.attributes
                0x00000000000003ff       0x1b /usr/lib/gcc/arm-none-eabi/9.3.0/../../../../arm-none-eabi/lib/thumb/v7-m/nofp/libc.a(lib_a-memcpy.o)
 .ARM.attributes
                0x000000000000041a       0x2d /usr/lib/gcc/arm-none-eabi/9.3.0/../../../../arm-none-eabi/lib/thumb/v7-m/nofp/libc.a(lib_a-memset.o)
 .ARM.attributes
                0x0000000000000447       0x2d /usr/lib/gcc/arm-none-eabi/9.3.0/../../../../arm-none-eabi/lib/thumb/v7-m/nofp/libc.a(lib_a-strlen-stub.o)
 .ARM.attributes
                0x0000000000000474       0x1d /usr/lib/gcc/arm-none-eabi/9.3.0/thumb/v7-m/nofp/libgcc.a(_arm_addsubdf3.o)
 .ARM.attributes
                0x0000000000000491       0x1d /usr/lib/gcc/arm-none-eabi/9.3.0/thumb/v7-m/nofp/libgcc.a(_arm_muldivdf3.o)
 .ARM.attributes
                0x00000000000004ae       0x1d /usr/lib/gcc/arm-none-eabi/9.3.0/thumb/v7-m/nofp/libgcc.a(_arm_fixunsdfsi.o)
 .ARM.attributes
                0x00000000000004cb       0x1d /usr/lib/gcc/arm-none-eabi/9.3.0/thumb/v7-m/nofp/libgcc.a(_arm_addsubsf3.o)

.comment        0x0000000000000000       0x1d
 .comment       0x0000000000000000       0x1d src/openefi.o
                                         0x1e (size before relaxing)
 .comment       0x000000000000001d       0x1e ./libopencm3/lib/libopencm3_stm32f1.a(adc.o)
 .comment       0x000000000000001d       0x1e ./libopencm3/lib/libopencm3_stm32f1.a(adc_common_v1.o)
 .comment       0x000000000000001d       0x1e ./libopencm3/lib/libopencm3_stm32f1.a(desig_common_all.o)
 .comment       0x000000000000001d       0x1e ./libopencm3/lib/libopencm3_stm32f1.a(desig_common_v1.o)
 .comment       0x000000000000001d       0x1e ./libopencm3/lib/libopencm3_stm32f1.a(exti_common_all.o)
 .comment       0x000000000000001d       0x1e ./libopencm3/lib/libopencm3_stm32f1.a(gpio.o)
 .comment       0x000000000000001d       0x1e ./libopencm3/lib/libopencm3_stm32f1.a(gpio_common_all.o)
 .comment       0x000000000000001d       0x1e ./libopencm3/lib/libopencm3_stm32f1.a(pwr_common_v1.o)
 .comment       0x000000000000001d       0x1e ./libopencm3/lib/libopencm3_stm32f1.a(rcc.o)
 .comment       0x000000000000001d       0x1e ./libopencm3/lib/libopencm3_stm32f1.a(rcc_common_all.o)
 .comment       0x000000000000001d       0x1e ./libopencm3/lib/libopencm3_stm32f1.a(timer_common_all.o)
 .comment       0x000000000000001d       0x1e ./libopencm3/lib/libopencm3_stm32f1.a(usb.o)
 .comment       0x000000000000001d       0x1e ./libopencm3/lib/libopencm3_stm32f1.a(usb_control.o)
 .comment       0x000000000000001d       0x1e ./libopencm3/lib/libopencm3_stm32f1.a(usb_standard.o)
 .comment       0x000000000000001d       0x1e ./libopencm3/lib/libopencm3_stm32f1.a(st_usbfs_v1.o)
 .comment       0x000000000000001d       0x1e ./libopencm3/lib/libopencm3_stm32f1.a(vector.o)
 .comment       0x000000000000001d       0x1e ./libopencm3/lib/libopencm3_stm32f1.a(systick.o)
 .comment       0x000000000000001d       0x1e ./libopencm3/lib/libopencm3_stm32f1.a(scb.o)
 .comment       0x000000000000001d       0x1e ./libopencm3/lib/libopencm3_stm32f1.a(nvic.o)
 .comment       0x000000000000001d       0x1e ./libopencm3/lib/libopencm3_stm32f1.a(flash_common_all.o)
 .comment       0x000000000000001d       0x1e ./libopencm3/lib/libopencm3_stm32f1.a(st_usbfs_core.o)

.debug_info     0x0000000000000000     0xf4d2
 .debug_info    0x0000000000000000     0x3195 src/openefi.o
 .debug_info    0x0000000000003195      0x3c9 ./libopencm3/lib/libopencm3_stm32f1.a(adc.o)
 .debug_info    0x000000000000355e      0x8e9 ./libopencm3/lib/libopencm3_stm32f1.a(adc_common_v1.o)
 .debug_info    0x0000000000003e47      0x244 ./libopencm3/lib/libopencm3_stm32f1.a(desig_common_all.o)
 .debug_info    0x000000000000408b       0xe7 ./libopencm3/lib/libopencm3_stm32f1.a(desig_common_v1.o)
 .debug_info    0x0000000000004172      0x241 ./libopencm3/lib/libopencm3_stm32f1.a(exti_common_all.o)
 .debug_info    0x00000000000043b3      0x20a ./libopencm3/lib/libopencm3_stm32f1.a(gpio.o)
 .debug_info    0x00000000000045bd      0x266 ./libopencm3/lib/libopencm3_stm32f1.a(gpio_common_all.o)
 .debug_info    0x0000000000004823      0x1bc ./libopencm3/lib/libopencm3_stm32f1.a(pwr_common_v1.o)
 .debug_info    0x00000000000049df     0x128f ./libopencm3/lib/libopencm3_stm32f1.a(rcc.o)
 .debug_info    0x0000000000005c6e      0x603 ./libopencm3/lib/libopencm3_stm32f1.a(rcc_common_all.o)
 .debug_info    0x0000000000006271     0x1114 ./libopencm3/lib/libopencm3_stm32f1.a(timer_common_all.o)
 .debug_info    0x0000000000007385     0x17fc ./libopencm3/lib/libopencm3_stm32f1.a(usb.o)
 .debug_info    0x0000000000008b81     0x1931 ./libopencm3/lib/libopencm3_stm32f1.a(usb_control.o)
 .debug_info    0x000000000000a4b2     0x1fc5 ./libopencm3/lib/libopencm3_stm32f1.a(usb_standard.o)
 .debug_info    0x000000000000c477      0xda7 ./libopencm3/lib/libopencm3_stm32f1.a(st_usbfs_v1.o)
 .debug_info    0x000000000000d21e      0x2dd ./libopencm3/lib/libopencm3_stm32f1.a(vector.o)
 .debug_info    0x000000000000d4fb      0x280 ./libopencm3/lib/libopencm3_stm32f1.a(systick.o)
 .debug_info    0x000000000000d77b      0x979 ./libopencm3/lib/libopencm3_stm32f1.a(scb.o)
 .debug_info    0x000000000000e0f4      0x251 ./libopencm3/lib/libopencm3_stm32f1.a(nvic.o)
 .debug_info    0x000000000000e345       0xf6 ./libopencm3/lib/libopencm3_stm32f1.a(flash_common_all.o)
 .debug_info    0x000000000000e43b     0x1097 ./libopencm3/lib/libopencm3_stm32f1.a(st_usbfs_core.o)

.debug_abbrev   0x0000000000000000     0x2b8d
 .debug_abbrev  0x0000000000000000      0x545 src/openefi.o
 .debug_abbrev  0x0000000000000545      0x192 ./libopencm3/lib/libopencm3_stm32f1.a(adc.o)
 .debug_abbrev  0x00000000000006d7      0x181 ./libopencm3/lib/libopencm3_stm32f1.a(adc_common_v1.o)
 .debug_abbrev  0x0000000000000858       0xdd ./libopencm3/lib/libopencm3_stm32f1.a(desig_common_all.o)
 .debug_abbrev  0x0000000000000935       0x91 ./libopencm3/lib/libopencm3_stm32f1.a(desig_common_v1.o)
 .debug_abbrev  0x00000000000009c6      0x102 ./libopencm3/lib/libopencm3_stm32f1.a(exti_common_all.o)
 .debug_abbrev  0x0000000000000ac8       0xd0 ./libopencm3/lib/libopencm3_stm32f1.a(gpio.o)
 .debug_abbrev  0x0000000000000b98      0x116 ./libopencm3/lib/libopencm3_stm32f1.a(gpio_common_all.o)
 .debug_abbrev  0x0000000000000cae       0x9f ./libopencm3/lib/libopencm3_stm32f1.a(pwr_common_v1.o)
 .debug_abbrev  0x0000000000000d4d      0x2e1 ./libopencm3/lib/libopencm3_stm32f1.a(rcc.o)
 .debug_abbrev  0x000000000000102e      0x15d ./libopencm3/lib/libopencm3_stm32f1.a(rcc_common_all.o)
 .debug_abbrev  0x000000000000118b      0x1b1 ./libopencm3/lib/libopencm3_stm32f1.a(timer_common_all.o)
 .debug_abbrev  0x000000000000133c      0x333 ./libopencm3/lib/libopencm3_stm32f1.a(usb.o)
 .debug_abbrev  0x000000000000166f      0x477 ./libopencm3/lib/libopencm3_stm32f1.a(usb_control.o)
 .debug_abbrev  0x0000000000001ae6      0x5a4 ./libopencm3/lib/libopencm3_stm32f1.a(usb_standard.o)
 .debug_abbrev  0x000000000000208a      0x265 ./libopencm3/lib/libopencm3_stm32f1.a(st_usbfs_v1.o)
 .debug_abbrev  0x00000000000022ef      0x145 ./libopencm3/lib/libopencm3_stm32f1.a(vector.o)
 .debug_abbrev  0x0000000000002434      0x155 ./libopencm3/lib/libopencm3_stm32f1.a(systick.o)
 .debug_abbrev  0x0000000000002589      0x1f2 ./libopencm3/lib/libopencm3_stm32f1.a(scb.o)
 .debug_abbrev  0x000000000000277b       0xb5 ./libopencm3/lib/libopencm3_stm32f1.a(nvic.o)
 .debug_abbrev  0x0000000000002830       0x97 ./libopencm3/lib/libopencm3_stm32f1.a(flash_common_all.o)
 .debug_abbrev  0x00000000000028c7      0x2c6 ./libopencm3/lib/libopencm3_stm32f1.a(st_usbfs_core.o)

.debug_loc      0x0000000000000000     0x5001
 .debug_loc     0x0000000000000000      0xe02 src/openefi.o
 .debug_loc     0x0000000000000e02      0x152 ./libopencm3/lib/libopencm3_stm32f1.a(adc.o)
 .debug_loc     0x0000000000000f54      0x441 ./libopencm3/lib/libopencm3_stm32f1.a(adc_common_v1.o)
 .debug_loc     0x0000000000001395      0x1cc ./libopencm3/lib/libopencm3_stm32f1.a(desig_common_all.o)
 .debug_loc     0x0000000000001561       0x33 ./libopencm3/lib/libopencm3_stm32f1.a(desig_common_v1.o)
 .debug_loc     0x0000000000001594      0x15c ./libopencm3/lib/libopencm3_stm32f1.a(exti_common_all.o)
 .debug_loc     0x00000000000016f0      0x134 ./libopencm3/lib/libopencm3_stm32f1.a(gpio.o)
 .debug_loc     0x0000000000001824       0xbe ./libopencm3/lib/libopencm3_stm32f1.a(gpio_common_all.o)
 .debug_loc     0x00000000000018e2      0x39c ./libopencm3/lib/libopencm3_stm32f1.a(rcc.o)
 .debug_loc     0x0000000000001c7e       0x6f ./libopencm3/lib/libopencm3_stm32f1.a(rcc_common_all.o)
 .debug_loc     0x0000000000001ced      0x38a ./libopencm3/lib/libopencm3_stm32f1.a(timer_common_all.o)
 .debug_loc     0x0000000000002077      0x544 ./libopencm3/lib/libopencm3_stm32f1.a(usb.o)
 .debug_loc     0x00000000000025bb      0x81a ./libopencm3/lib/libopencm3_stm32f1.a(usb_control.o)
 .debug_loc     0x0000000000002dd5     0x13a2 ./libopencm3/lib/libopencm3_stm32f1.a(usb_standard.o)
 .debug_loc     0x0000000000004177      0x1de ./libopencm3/lib/libopencm3_stm32f1.a(st_usbfs_v1.o)
 .debug_loc     0x0000000000004355      0x128 ./libopencm3/lib/libopencm3_stm32f1.a(vector.o)
 .debug_loc     0x000000000000447d      0x192 ./libopencm3/lib/libopencm3_stm32f1.a(systick.o)
 .debug_loc     0x000000000000460f       0x25 ./libopencm3/lib/libopencm3_stm32f1.a(scb.o)
 .debug_loc     0x0000000000004634      0x14d ./libopencm3/lib/libopencm3_stm32f1.a(nvic.o)
 .debug_loc     0x0000000000004781       0x15 ./libopencm3/lib/libopencm3_stm32f1.a(flash_common_all.o)
 .debug_loc     0x0000000000004796      0x86b ./libopencm3/lib/libopencm3_stm32f1.a(st_usbfs_core.o)

.debug_aranges  0x0000000000000000      0xc48
 .debug_aranges
                0x0000000000000000      0x108 src/openefi.o
 .debug_aranges
                0x0000000000000108       0x98 ./libopencm3/lib/libopencm3_stm32f1.a(adc.o)
 .debug_aranges
                0x00000000000001a0      0x158 ./libopencm3/lib/libopencm3_stm32f1.a(adc_common_v1.o)
 .debug_aranges
                0x00000000000002f8       0x28 ./libopencm3/lib/libopencm3_stm32f1.a(desig_common_all.o)
 .debug_aranges
                0x0000000000000320       0x28 ./libopencm3/lib/libopencm3_stm32f1.a(desig_common_v1.o)
 .debug_aranges
                0x0000000000000348       0x48 ./libopencm3/lib/libopencm3_stm32f1.a(exti_common_all.o)
 .debug_aranges
                0x0000000000000390       0x38 ./libopencm3/lib/libopencm3_stm32f1.a(gpio.o)
 .debug_aranges
                0x00000000000003c8       0x50 ./libopencm3/lib/libopencm3_stm32f1.a(gpio_common_all.o)
 .debug_aranges
                0x0000000000000418       0x90 ./libopencm3/lib/libopencm3_stm32f1.a(pwr_common_v1.o)
 .debug_aranges
                0x00000000000004a8      0x158 ./libopencm3/lib/libopencm3_stm32f1.a(rcc.o)
 .debug_aranges
                0x0000000000000600       0x58 ./libopencm3/lib/libopencm3_stm32f1.a(rcc_common_all.o)
 .debug_aranges
                0x0000000000000658      0x268 ./libopencm3/lib/libopencm3_stm32f1.a(timer_common_all.o)
 .debug_aranges
                0x00000000000008c0       0x88 ./libopencm3/lib/libopencm3_stm32f1.a(usb.o)
 .debug_aranges
                0x0000000000000948       0x60 ./libopencm3/lib/libopencm3_stm32f1.a(usb_control.o)
 .debug_aranges
                0x00000000000009a8       0x98 ./libopencm3/lib/libopencm3_stm32f1.a(usb_standard.o)
 .debug_aranges
                0x0000000000000a40       0x30 ./libopencm3/lib/libopencm3_stm32f1.a(st_usbfs_v1.o)
 .debug_aranges
                0x0000000000000a70       0x30 ./libopencm3/lib/libopencm3_stm32f1.a(vector.o)
 .debug_aranges
                0x0000000000000aa0       0x78 ./libopencm3/lib/libopencm3_stm32f1.a(systick.o)
 .debug_aranges
                0x0000000000000b18       0x30 ./libopencm3/lib/libopencm3_stm32f1.a(scb.o)
 .debug_aranges
                0x0000000000000b48       0x60 ./libopencm3/lib/libopencm3_stm32f1.a(nvic.o)
 .debug_aranges
                0x0000000000000ba8       0x38 ./libopencm3/lib/libopencm3_stm32f1.a(flash_common_all.o)
 .debug_aranges
                0x0000000000000be0       0x68 ./libopencm3/lib/libopencm3_stm32f1.a(st_usbfs_core.o)

.debug_ranges   0x0000000000000000      0xdb0
 .debug_ranges  0x0000000000000000      0x1a8 src/openefi.o
 .debug_ranges  0x00000000000001a8       0x88 ./libopencm3/lib/libopencm3_stm32f1.a(adc.o)
 .debug_ranges  0x0000000000000230      0x148 ./libopencm3/lib/libopencm3_stm32f1.a(adc_common_v1.o)
 .debug_ranges  0x0000000000000378       0x18 ./libopencm3/lib/libopencm3_stm32f1.a(desig_common_all.o)
 .debug_ranges  0x0000000000000390       0x18 ./libopencm3/lib/libopencm3_stm32f1.a(desig_common_v1.o)
 .debug_ranges  0x00000000000003a8       0x50 ./libopencm3/lib/libopencm3_stm32f1.a(exti_common_all.o)
 .debug_ranges  0x00000000000003f8       0x28 ./libopencm3/lib/libopencm3_stm32f1.a(gpio.o)
 .debug_ranges  0x0000000000000420       0x40 ./libopencm3/lib/libopencm3_stm32f1.a(gpio_common_all.o)
 .debug_ranges  0x0000000000000460       0x80 ./libopencm3/lib/libopencm3_stm32f1.a(pwr_common_v1.o)
 .debug_ranges  0x00000000000004e0      0x1b8 ./libopencm3/lib/libopencm3_stm32f1.a(rcc.o)
 .debug_ranges  0x0000000000000698       0x48 ./libopencm3/lib/libopencm3_stm32f1.a(rcc_common_all.o)
 .debug_ranges  0x00000000000006e0      0x258 ./libopencm3/lib/libopencm3_stm32f1.a(timer_common_all.o)
 .debug_ranges  0x0000000000000938       0x78 ./libopencm3/lib/libopencm3_stm32f1.a(usb.o)
 .debug_ranges  0x00000000000009b0       0x90 ./libopencm3/lib/libopencm3_stm32f1.a(usb_control.o)
 .debug_ranges  0x0000000000000a40      0x108 ./libopencm3/lib/libopencm3_stm32f1.a(usb_standard.o)
 .debug_ranges  0x0000000000000b48       0x20 ./libopencm3/lib/libopencm3_stm32f1.a(st_usbfs_v1.o)
 .debug_ranges  0x0000000000000b68       0x20 ./libopencm3/lib/libopencm3_stm32f1.a(vector.o)
 .debug_ranges  0x0000000000000b88       0x88 ./libopencm3/lib/libopencm3_stm32f1.a(systick.o)
 .debug_ranges  0x0000000000000c10       0x20 ./libopencm3/lib/libopencm3_stm32f1.a(scb.o)
 .debug_ranges  0x0000000000000c30       0x50 ./libopencm3/lib/libopencm3_stm32f1.a(nvic.o)
 .debug_ranges  0x0000000000000c80       0x28 ./libopencm3/lib/libopencm3_stm32f1.a(flash_common_all.o)
 .debug_ranges  0x0000000000000ca8      0x108 ./libopencm3/lib/libopencm3_stm32f1.a(st_usbfs_core.o)

.debug_line     0x0000000000000000     0x816c
 .debug_line    0x0000000000000000      0xe51 src/openefi.o
 .debug_line    0x0000000000000e51      0x571 ./libopencm3/lib/libopencm3_stm32f1.a(adc.o)
 .debug_line    0x00000000000013c2      0x859 ./libopencm3/lib/libopencm3_stm32f1.a(adc_common_v1.o)
 .debug_line    0x0000000000001c1b      0x37b ./libopencm3/lib/libopencm3_stm32f1.a(desig_common_all.o)
 .debug_line    0x0000000000001f96      0x22f ./libopencm3/lib/libopencm3_stm32f1.a(desig_common_v1.o)
 .debug_line    0x00000000000021c5      0x3d3 ./libopencm3/lib/libopencm3_stm32f1.a(exti_common_all.o)
 .debug_line    0x0000000000002598      0x31e ./libopencm3/lib/libopencm3_stm32f1.a(gpio.o)
 .debug_line    0x00000000000028b6      0x334 ./libopencm3/lib/libopencm3_stm32f1.a(gpio_common_all.o)
 .debug_line    0x0000000000002bea      0x3d1 ./libopencm3/lib/libopencm3_stm32f1.a(pwr_common_v1.o)
 .debug_line    0x0000000000002fbb      0xc69 ./libopencm3/lib/libopencm3_stm32f1.a(rcc.o)
 .debug_line    0x0000000000003c24      0x35e ./libopencm3/lib/libopencm3_stm32f1.a(rcc_common_all.o)
 .debug_line    0x0000000000003f82      0xff2 ./libopencm3/lib/libopencm3_stm32f1.a(timer_common_all.o)
 .debug_line    0x0000000000004f74      0x472 ./libopencm3/lib/libopencm3_stm32f1.a(usb.o)
 .debug_line    0x00000000000053e6      0x68e ./libopencm3/lib/libopencm3_stm32f1.a(usb_control.o)
 .debug_line    0x0000000000005a74      0xbcf ./libopencm3/lib/libopencm3_stm32f1.a(usb_standard.o)
 .debug_line    0x0000000000006643      0x3ca ./libopencm3/lib/libopencm3_stm32f1.a(st_usbfs_v1.o)
 .debug_line    0x0000000000006a0d      0x3bf ./libopencm3/lib/libopencm3_stm32f1.a(vector.o)
 .debug_line    0x0000000000006dcc      0x331 ./libopencm3/lib/libopencm3_stm32f1.a(systick.o)
 .debug_line    0x00000000000070fd      0x279 ./libopencm3/lib/libopencm3_stm32f1.a(scb.o)
 .debug_line    0x0000000000007376      0x356 ./libopencm3/lib/libopencm3_stm32f1.a(nvic.o)
 .debug_line    0x00000000000076cc      0x2e5 ./libopencm3/lib/libopencm3_stm32f1.a(flash_common_all.o)
 .debug_line    0x00000000000079b1      0x7bb ./libopencm3/lib/libopencm3_stm32f1.a(st_usbfs_core.o)

.debug_str      0x0000000000000000    0x1c477
 .debug_str     0x0000000000000000     0x173f src/openefi.o
                                       0x1953 (size before relaxing)
 .debug_str     0x000000000000173f     0x718b ./libopencm3/lib/libopencm3_stm32f1.a(adc.o)
                                       0x73f3 (size before relaxing)
 .debug_str     0x00000000000088ca      0x426 ./libopencm3/lib/libopencm3_stm32f1.a(adc_common_v1.o)
                                       0x7744 (size before relaxing)
 .debug_str     0x0000000000008cf0       0x8a ./libopencm3/lib/libopencm3_stm32f1.a(desig_common_all.o)
                                       0x4dc3 (size before relaxing)
 .debug_str     0x0000000000008d7a       0x31 ./libopencm3/lib/libopencm3_stm32f1.a(desig_common_v1.o)
                                       0x4d76 (size before relaxing)
 .debug_str     0x0000000000008dab     0x3bd7 ./libopencm3/lib/libopencm3_stm32f1.a(exti_common_all.o)
                                       0x898d (size before relaxing)
 .debug_str     0x000000000000c982       0x70 ./libopencm3/lib/libopencm3_stm32f1.a(gpio.o)
                                       0x8564 (size before relaxing)
 .debug_str     0x000000000000c9f2       0x5a ./libopencm3/lib/libopencm3_stm32f1.a(gpio_common_all.o)
                                       0x8558 (size before relaxing)
 .debug_str     0x000000000000ca4c      0x42e ./libopencm3/lib/libopencm3_stm32f1.a(pwr_common_v1.o)
                                       0x5185 (size before relaxing)
 .debug_str     0x000000000000ce7a     0x30a7 ./libopencm3/lib/libopencm3_stm32f1.a(rcc.o)
                                       0x7e57 (size before relaxing)
 .debug_str     0x000000000000ff21      0x11c ./libopencm3/lib/libopencm3_stm32f1.a(rcc_common_all.o)
                                       0x776d (size before relaxing)
 .debug_str     0x000000000001003d     0x4a1b ./libopencm3/lib/libopencm3_stm32f1.a(timer_common_all.o)
                                       0xbd26 (size before relaxing)
 .debug_str     0x0000000000014a58     0x366b ./libopencm3/lib/libopencm3_stm32f1.a(usb.o)
                                       0x7ff1 (size before relaxing)
 .debug_str     0x00000000000180c3      0x19b ./libopencm3/lib/libopencm3_stm32f1.a(usb_control.o)
                                       0x803e (size before relaxing)
 .debug_str     0x000000000001825e      0x28d ./libopencm3/lib/libopencm3_stm32f1.a(usb_standard.o)
                                       0x8171 (size before relaxing)
 .debug_str     0x00000000000184eb     0x1594 ./libopencm3/lib/libopencm3_stm32f1.a(st_usbfs_v1.o)
                                       0x988c (size before relaxing)
 .debug_str     0x0000000000019a7f     0x2485 ./libopencm3/lib/libopencm3_stm32f1.a(vector.o)
                                       0x662d (size before relaxing)
 .debug_str     0x000000000001bf04      0x2f0 ./libopencm3/lib/libopencm3_stm32f1.a(systick.o)
                                       0x450c (size before relaxing)
 .debug_str     0x000000000001c1f4       0x42 ./libopencm3/lib/libopencm3_stm32f1.a(scb.o)
                                       0x8368 (size before relaxing)
 .debug_str     0x000000000001c236       0xc4 ./libopencm3/lib/libopencm3_stm32f1.a(nvic.o)
                                       0x5c0f (size before relaxing)
 .debug_str     0x000000000001c2fa       0x64 ./libopencm3/lib/libopencm3_stm32f1.a(flash_common_all.o)
                                       0x5530 (size before relaxing)
 .debug_str     0x000000000001c35e      0x119 ./libopencm3/lib/libopencm3_stm32f1.a(st_usbfs_core.o)
                                       0x97a8 (size before relaxing)

.debug_frame    0x0000000000000000     0x1c98
 .debug_frame   0x0000000000000000      0x348 src/openefi.o
 .debug_frame   0x0000000000000348      0x128 ./libopencm3/lib/libopencm3_stm32f1.a(adc.o)
 .debug_frame   0x0000000000000470      0x2b4 ./libopencm3/lib/libopencm3_stm32f1.a(adc_common_v1.o)
 .debug_frame   0x0000000000000724       0x5c ./libopencm3/lib/libopencm3_stm32f1.a(desig_common_all.o)
 .debug_frame   0x0000000000000780       0x30 ./libopencm3/lib/libopencm3_stm32f1.a(desig_common_v1.o)
 .debug_frame   0x00000000000007b0       0x88 ./libopencm3/lib/libopencm3_stm32f1.a(exti_common_all.o)
 .debug_frame   0x0000000000000838       0x60 ./libopencm3/lib/libopencm3_stm32f1.a(gpio.o)
 .debug_frame   0x0000000000000898       0x80 ./libopencm3/lib/libopencm3_stm32f1.a(gpio_common_all.o)
 .debug_frame   0x0000000000000918      0x100 ./libopencm3/lib/libopencm3_stm32f1.a(pwr_common_v1.o)
 .debug_frame   0x0000000000000a18      0x2e0 ./libopencm3/lib/libopencm3_stm32f1.a(rcc.o)
 .debug_frame   0x0000000000000cf8       0xd0 ./libopencm3/lib/libopencm3_stm32f1.a(rcc_common_all.o)
 .debug_frame   0x0000000000000dc8      0x4c8 ./libopencm3/lib/libopencm3_stm32f1.a(timer_common_all.o)
 .debug_frame   0x0000000000001290      0x13c ./libopencm3/lib/libopencm3_stm32f1.a(usb.o)
 .debug_frame   0x00000000000013cc      0x164 ./libopencm3/lib/libopencm3_stm32f1.a(usb_control.o)
 .debug_frame   0x0000000000001530      0x1e4 ./libopencm3/lib/libopencm3_stm32f1.a(usb_standard.o)
 .debug_frame   0x0000000000001714       0x54 ./libopencm3/lib/libopencm3_stm32f1.a(st_usbfs_v1.o)
 .debug_frame   0x0000000000001768       0x4c ./libopencm3/lib/libopencm3_stm32f1.a(vector.o)
 .debug_frame   0x00000000000017b4       0xd8 ./libopencm3/lib/libopencm3_stm32f1.a(systick.o)
 .debug_frame   0x000000000000188c       0x40 ./libopencm3/lib/libopencm3_stm32f1.a(scb.o)
 .debug_frame   0x00000000000018cc       0xa0 ./libopencm3/lib/libopencm3_stm32f1.a(nvic.o)
 .debug_frame   0x000000000000196c       0x50 ./libopencm3/lib/libopencm3_stm32f1.a(flash_common_all.o)
 .debug_frame   0x00000000000019bc      0x118 ./libopencm3/lib/libopencm3_stm32f1.a(st_usbfs_core.o)
 .debug_frame   0x0000000000001ad4       0x38 /usr/lib/gcc/arm-none-eabi/9.3.0/../../../../arm-none-eabi/lib/thumb/v7-m/nofp/libc.a(lib_a-memset.o)
 .debug_frame   0x0000000000001b0c       0x20 /usr/lib/gcc/arm-none-eabi/9.3.0/../../../../arm-none-eabi/lib/thumb/v7-m/nofp/libc.a(lib_a-strlen-stub.o)
 .debug_frame   0x0000000000001b2c       0xac /usr/lib/gcc/arm-none-eabi/9.3.0/thumb/v7-m/nofp/libgcc.a(_arm_addsubdf3.o)
 .debug_frame   0x0000000000001bd8       0x50 /usr/lib/gcc/arm-none-eabi/9.3.0/thumb/v7-m/nofp/libgcc.a(_arm_muldivdf3.o)
 .debug_frame   0x0000000000001c28       0x24 /usr/lib/gcc/arm-none-eabi/9.3.0/thumb/v7-m/nofp/libgcc.a(_arm_fixunsdfsi.o)
 .debug_frame   0x0000000000001c4c       0x4c /usr/lib/gcc/arm-none-eabi/9.3.0/thumb/v7-m/nofp/libgcc.a(_arm_addsubsf3.o)

.debug_macro    0x0000000000000000     0x71c2
 .debug_macro   0x0000000000000000       0xb8 ./libopencm3/lib/libopencm3_stm32f1.a(adc.o)
 .debug_macro   0x00000000000000b8      0xa90 ./libopencm3/lib/libopencm3_stm32f1.a(adc.o)
 .debug_macro   0x0000000000000b48       0x1c ./libopencm3/lib/libopencm3_stm32f1.a(adc.o)
 .debug_macro   0x0000000000000b64       0x22 ./libopencm3/lib/libopencm3_stm32f1.a(adc.o)
 .debug_macro   0x0000000000000b86       0x56 ./libopencm3/lib/libopencm3_stm32f1.a(adc.o)
 .debug_macro   0x0000000000000bdc       0x51 ./libopencm3/lib/libopencm3_stm32f1.a(adc.o)
 .debug_macro   0x0000000000000c2d      0x103 ./libopencm3/lib/libopencm3_stm32f1.a(adc.o)
 .debug_macro   0x0000000000000d30       0x6a ./libopencm3/lib/libopencm3_stm32f1.a(adc.o)
 .debug_macro   0x0000000000000d9a      0x1df ./libopencm3/lib/libopencm3_stm32f1.a(adc.o)
 .debug_macro   0x0000000000000f79       0x22 ./libopencm3/lib/libopencm3_stm32f1.a(adc.o)
 .debug_macro   0x0000000000000f9b       0xe8 ./libopencm3/lib/libopencm3_stm32f1.a(adc.o)
 .debug_macro   0x0000000000001083       0x76 ./libopencm3/lib/libopencm3_stm32f1.a(adc.o)
 .debug_macro   0x00000000000010f9      0x1b4 ./libopencm3/lib/libopencm3_stm32f1.a(adc.o)
 .debug_macro   0x00000000000012ad      0x449 ./libopencm3/lib/libopencm3_stm32f1.a(adc.o)
 .debug_macro   0x00000000000016f6      0x456 ./libopencm3/lib/libopencm3_stm32f1.a(adc.o)
 .debug_macro   0x0000000000001b4c       0xb8 ./libopencm3/lib/libopencm3_stm32f1.a(adc_common_v1.o)
 .debug_macro   0x0000000000001c04       0xa6 ./libopencm3/lib/libopencm3_stm32f1.a(desig_common_all.o)
 .debug_macro   0x0000000000001caa       0xa6 ./libopencm3/lib/libopencm3_stm32f1.a(desig_common_v1.o)
 .debug_macro   0x0000000000001d50       0xe4 ./libopencm3/lib/libopencm3_stm32f1.a(exti_common_all.o)
 .debug_macro   0x0000000000001e34       0xee ./libopencm3/lib/libopencm3_stm32f1.a(exti_common_all.o)
 .debug_macro   0x0000000000001f22       0x28 ./libopencm3/lib/libopencm3_stm32f1.a(exti_common_all.o)
 .debug_macro   0x0000000000001f4a       0x76 ./libopencm3/lib/libopencm3_stm32f1.a(exti_common_all.o)
 .debug_macro   0x0000000000001fc0      0xe04 ./libopencm3/lib/libopencm3_stm32f1.a(exti_common_all.o)
 .debug_macro   0x0000000000002dc4       0xb8 ./libopencm3/lib/libopencm3_stm32f1.a(gpio.o)
 .debug_macro   0x0000000000002e7c       0xb8 ./libopencm3/lib/libopencm3_stm32f1.a(gpio_common_all.o)
 .debug_macro   0x0000000000002f34       0xb3 ./libopencm3/lib/libopencm3_stm32f1.a(pwr_common_v1.o)
 .debug_macro   0x0000000000002fe7       0x8e ./libopencm3/lib/libopencm3_stm32f1.a(pwr_common_v1.o)
 .debug_macro   0x0000000000003075       0xe7 ./libopencm3/lib/libopencm3_stm32f1.a(rcc.o)
 .debug_macro   0x000000000000315c       0x16 ./libopencm3/lib/libopencm3_stm32f1.a(rcc.o)
 .debug_macro   0x0000000000003172      0x82c ./libopencm3/lib/libopencm3_stm32f1.a(rcc.o)
 .debug_macro   0x000000000000399e       0xee ./libopencm3/lib/libopencm3_stm32f1.a(rcc.o)
 .debug_macro   0x0000000000003a8c       0x82 ./libopencm3/lib/libopencm3_stm32f1.a(rcc.o)
 .debug_macro   0x0000000000003b0e       0xce ./libopencm3/lib/libopencm3_stm32f1.a(rcc_common_all.o)
 .debug_macro   0x0000000000003bdc       0xcb ./libopencm3/lib/libopencm3_stm32f1.a(timer_common_all.o)
 .debug_macro   0x0000000000003ca7      0xf9a ./libopencm3/lib/libopencm3_stm32f1.a(timer_common_all.o)
 .debug_macro   0x0000000000004c41      0x146 ./libopencm3/lib/libopencm3_stm32f1.a(usb.o)
 .debug_macro   0x0000000000004d87       0x5e ./libopencm3/lib/libopencm3_stm32f1.a(usb.o)
 .debug_macro   0x0000000000004de5       0x18 ./libopencm3/lib/libopencm3_stm32f1.a(usb.o)
 .debug_macro   0x0000000000004dfd       0x5c ./libopencm3/lib/libopencm3_stm32f1.a(usb.o)
 .debug_macro   0x0000000000004e59       0x35 ./libopencm3/lib/libopencm3_stm32f1.a(usb.o)
 .debug_macro   0x0000000000004e8e       0x34 ./libopencm3/lib/libopencm3_stm32f1.a(usb.o)
 .debug_macro   0x0000000000004ec2      0x16d ./libopencm3/lib/libopencm3_stm32f1.a(usb.o)
 .debug_macro   0x000000000000502f       0x16 ./libopencm3/lib/libopencm3_stm32f1.a(usb.o)
 .debug_macro   0x0000000000005045       0x43 ./libopencm3/lib/libopencm3_stm32f1.a(usb.o)
 .debug_macro   0x0000000000005088       0x57 ./libopencm3/lib/libopencm3_stm32f1.a(usb.o)
 .debug_macro   0x00000000000050df       0x34 ./libopencm3/lib/libopencm3_stm32f1.a(usb.o)
 .debug_macro   0x0000000000005113       0x10 ./libopencm3/lib/libopencm3_stm32f1.a(usb.o)
 .debug_macro   0x0000000000005123       0x58 ./libopencm3/lib/libopencm3_stm32f1.a(usb.o)
 .debug_macro   0x000000000000517b      0x182 ./libopencm3/lib/libopencm3_stm32f1.a(usb.o)
 .debug_macro   0x00000000000052fd      0x35c ./libopencm3/lib/libopencm3_stm32f1.a(usb.o)
 .debug_macro   0x0000000000005659       0x10 ./libopencm3/lib/libopencm3_stm32f1.a(usb.o)
 .debug_macro   0x0000000000005669       0x35 ./libopencm3/lib/libopencm3_stm32f1.a(usb.o)
 .debug_macro   0x000000000000569e      0x19c ./libopencm3/lib/libopencm3_stm32f1.a(usb.o)
 .debug_macro   0x000000000000583a       0x10 ./libopencm3/lib/libopencm3_stm32f1.a(usb.o)
 .debug_macro   0x000000000000584a       0x1c ./libopencm3/lib/libopencm3_stm32f1.a(usb.o)
 .debug_macro   0x0000000000005866      0x154 ./libopencm3/lib/libopencm3_stm32f1.a(usb_control.o)
 .debug_macro   0x00000000000059ba       0x16 ./libopencm3/lib/libopencm3_stm32f1.a(usb_control.o)
 .debug_macro   0x00000000000059d0      0x10e ./libopencm3/lib/libopencm3_stm32f1.a(usb_control.o)
 .debug_macro   0x0000000000005ade       0x86 ./libopencm3/lib/libopencm3_stm32f1.a(usb_control.o)
 .debug_macro   0x0000000000005b64       0x22 ./libopencm3/lib/libopencm3_stm32f1.a(usb_control.o)
 .debug_macro   0x0000000000005b86      0x146 ./libopencm3/lib/libopencm3_stm32f1.a(usb_standard.o)
 .debug_macro   0x0000000000005ccc      0x10d ./libopencm3/lib/libopencm3_stm32f1.a(st_usbfs_v1.o)
 .debug_macro   0x0000000000005dd9       0x3a ./libopencm3/lib/libopencm3_stm32f1.a(st_usbfs_v1.o)
 .debug_macro   0x0000000000005e13      0x29e ./libopencm3/lib/libopencm3_stm32f1.a(st_usbfs_v1.o)
 .debug_macro   0x00000000000060b1       0x28 ./libopencm3/lib/libopencm3_stm32f1.a(st_usbfs_v1.o)
 .debug_macro   0x00000000000060d9      0x1a2 ./libopencm3/lib/libopencm3_stm32f1.a(st_usbfs_v1.o)
 .debug_macro   0x000000000000627b       0x10 ./libopencm3/lib/libopencm3_stm32f1.a(st_usbfs_v1.o)
 .debug_macro   0x000000000000628b       0xcf ./libopencm3/lib/libopencm3_stm32f1.a(vector.o)
 .debug_macro   0x000000000000635a      0x395 ./libopencm3/lib/libopencm3_stm32f1.a(vector.o)
 .debug_macro   0x00000000000066ef       0x6e ./libopencm3/lib/libopencm3_stm32f1.a(vector.o)
 .debug_macro   0x000000000000675d      0x1a2 ./libopencm3/lib/libopencm3_stm32f1.a(vector.o)
 .debug_macro   0x00000000000068ff       0x92 ./libopencm3/lib/libopencm3_stm32f1.a(systick.o)
 .debug_macro   0x0000000000006991       0x69 ./libopencm3/lib/libopencm3_stm32f1.a(systick.o)
 .debug_macro   0x00000000000069fa      0x145 ./libopencm3/lib/libopencm3_stm32f1.a(scb.o)
 .debug_macro   0x0000000000006b3f       0xb3 ./libopencm3/lib/libopencm3_stm32f1.a(nvic.o)
 .debug_macro   0x0000000000006bf2       0x68 ./libopencm3/lib/libopencm3_stm32f1.a(nvic.o)
 .debug_macro   0x0000000000006c5a      0x39b ./libopencm3/lib/libopencm3_stm32f1.a(nvic.o)
 .debug_macro   0x0000000000006ff5       0xc0 ./libopencm3/lib/libopencm3_stm32f1.a(flash_common_all.o)
 .debug_macro   0x00000000000070b5      0x10d ./libopencm3/lib/libopencm3_stm32f1.a(st_usbfs_core.o)
